Component: ARM Compiler 5.06 update 4 (build 422) Tool: armlink [4d35d2]

==============================================================================

Section Cross References

    main.o(i.main) refers to cns_core.o(i.CNS_init) for CNS_init
    main.o(i.main) refers to cns_core.o(i.CNS_EventHandle) for CNS_EventHandle
    system_stm32f10x.o(i.SetSysClock) refers to system_stm32f10x.o(i.SetSysClockTo72) for SetSysClockTo72
    system_stm32f10x.o(i.SystemCoreClockUpdate) refers to system_stm32f10x.o(.data) for SystemCoreClock
    system_stm32f10x.o(i.SystemInit) refers to system_stm32f10x.o(i.SetSysClock) for SetSysClock
    startup_stm32f10x_hd.o(STACK) refers (Special) to heapauxi.o(.text) for __use_two_region_memory
    startup_stm32f10x_hd.o(HEAP) refers (Special) to heapauxi.o(.text) for __use_two_region_memory
    startup_stm32f10x_hd.o(RESET) refers (Special) to heapauxi.o(.text) for __use_two_region_memory
    startup_stm32f10x_hd.o(RESET) refers to startup_stm32f10x_hd.o(STACK) for __initial_sp
    startup_stm32f10x_hd.o(RESET) refers to startup_stm32f10x_hd.o(.text) for Reset_Handler
    startup_stm32f10x_hd.o(RESET) refers to stm32f10x_it.o(i.NMI_Handler) for NMI_Handler
    startup_stm32f10x_hd.o(RESET) refers to stm32f10x_it.o(i.HardFault_Handler) for HardFault_Handler
    startup_stm32f10x_hd.o(RESET) refers to stm32f10x_it.o(i.MemManage_Handler) for MemManage_Handler
    startup_stm32f10x_hd.o(RESET) refers to stm32f10x_it.o(i.BusFault_Handler) for BusFault_Handler
    startup_stm32f10x_hd.o(RESET) refers to stm32f10x_it.o(i.UsageFault_Handler) for UsageFault_Handler
    startup_stm32f10x_hd.o(RESET) refers to stm32f10x_it.o(i.SVC_Handler) for SVC_Handler
    startup_stm32f10x_hd.o(RESET) refers to stm32f10x_it.o(i.DebugMon_Handler) for DebugMon_Handler
    startup_stm32f10x_hd.o(RESET) refers to stm32f10x_it.o(i.SysTick_Handler) for SysTick_Handler
    startup_stm32f10x_hd.o(RESET) refers to timer.o(i.TIM3_IRQHandler) for TIM3_IRQHandler
    startup_stm32f10x_hd.o(RESET) refers to timer.o(i.TIM4_IRQHandler) for TIM4_IRQHandler
    startup_stm32f10x_hd.o(RESET) refers to usart.o(i.USART1_IRQHandler) for USART1_IRQHandler
    startup_stm32f10x_hd.o(.text) refers (Special) to heapauxi.o(.text) for __use_two_region_memory
    startup_stm32f10x_hd.o(.text) refers to system_stm32f10x.o(i.SystemInit) for SystemInit
    startup_stm32f10x_hd.o(.text) refers to __main.o(!!!main) for __main
    startup_stm32f10x_hd.o(.text) refers to startup_stm32f10x_hd.o(HEAP) for Heap_Mem
    startup_stm32f10x_hd.o(.text) refers to startup_stm32f10x_hd.o(STACK) for Stack_Mem
    stm32f10x_usart.o(i.USART_DeInit) refers to stm32f10x_rcc.o(i.RCC_APB2PeriphResetCmd) for RCC_APB2PeriphResetCmd
    stm32f10x_usart.o(i.USART_DeInit) refers to stm32f10x_rcc.o(i.RCC_APB1PeriphResetCmd) for RCC_APB1PeriphResetCmd
    stm32f10x_usart.o(i.USART_Init) refers to stm32f10x_rcc.o(i.RCC_GetClocksFreq) for RCC_GetClocksFreq
    stm32f10x_tim.o(i.TIM_DeInit) refers to stm32f10x_rcc.o(i.RCC_APB2PeriphResetCmd) for RCC_APB2PeriphResetCmd
    stm32f10x_tim.o(i.TIM_DeInit) refers to stm32f10x_rcc.o(i.RCC_APB1PeriphResetCmd) for RCC_APB1PeriphResetCmd
    stm32f10x_tim.o(i.TIM_ETRClockMode1Config) refers to stm32f10x_tim.o(i.TIM_ETRConfig) for TIM_ETRConfig
    stm32f10x_tim.o(i.TIM_ETRClockMode2Config) refers to stm32f10x_tim.o(i.TIM_ETRConfig) for TIM_ETRConfig
    stm32f10x_tim.o(i.TIM_ICInit) refers to stm32f10x_tim.o(i.TI1_Config) for TI1_Config
    stm32f10x_tim.o(i.TIM_ICInit) refers to stm32f10x_tim.o(i.TIM_SetIC1Prescaler) for TIM_SetIC1Prescaler
    stm32f10x_tim.o(i.TIM_ICInit) refers to stm32f10x_tim.o(i.TI2_Config) for TI2_Config
    stm32f10x_tim.o(i.TIM_ICInit) refers to stm32f10x_tim.o(i.TIM_SetIC2Prescaler) for TIM_SetIC2Prescaler
    stm32f10x_tim.o(i.TIM_ICInit) refers to stm32f10x_tim.o(i.TI3_Config) for TI3_Config
    stm32f10x_tim.o(i.TIM_ICInit) refers to stm32f10x_tim.o(i.TIM_SetIC3Prescaler) for TIM_SetIC3Prescaler
    stm32f10x_tim.o(i.TIM_ICInit) refers to stm32f10x_tim.o(i.TI4_Config) for TI4_Config
    stm32f10x_tim.o(i.TIM_ICInit) refers to stm32f10x_tim.o(i.TIM_SetIC4Prescaler) for TIM_SetIC4Prescaler
    stm32f10x_tim.o(i.TIM_ITRxExternalClockConfig) refers to stm32f10x_tim.o(i.TIM_SelectInputTrigger) for TIM_SelectInputTrigger
    stm32f10x_tim.o(i.TIM_PWMIConfig) refers to stm32f10x_tim.o(i.TI1_Config) for TI1_Config
    stm32f10x_tim.o(i.TIM_PWMIConfig) refers to stm32f10x_tim.o(i.TIM_SetIC1Prescaler) for TIM_SetIC1Prescaler
    stm32f10x_tim.o(i.TIM_PWMIConfig) refers to stm32f10x_tim.o(i.TI2_Config) for TI2_Config
    stm32f10x_tim.o(i.TIM_PWMIConfig) refers to stm32f10x_tim.o(i.TIM_SetIC2Prescaler) for TIM_SetIC2Prescaler
    stm32f10x_tim.o(i.TIM_TIxExternalClockConfig) refers to stm32f10x_tim.o(i.TI2_Config) for TI2_Config
    stm32f10x_tim.o(i.TIM_TIxExternalClockConfig) refers to stm32f10x_tim.o(i.TI1_Config) for TI1_Config
[...]
    Removing stm32f10x_tim.o(i.TIM_OC3FastConfig), (18 bytes).
    Removing stm32f10x_tim.o(i.TIM_OC3Init), (160 bytes).
    Removing stm32f10x_tim.o(i.TIM_OC3NPolarityConfig), (26 bytes).
    Removing stm32f10x_tim.o(i.TIM_OC3PolarityConfig), (26 bytes).
    Removing stm32f10x_tim.o(i.TIM_OC3PreloadConfig), (18 bytes).
    Removing stm32f10x_tim.o(i.TIM_OC4FastConfig), (26 bytes).
    Removing stm32f10x_tim.o(i.TIM_OC4Init), (124 bytes).
    Removing stm32f10x_tim.o(i.TIM_OC4PolarityConfig), (26 bytes).
    Removing stm32f10x_tim.o(i.TIM_OC4PreloadConfig), (26 bytes).
    Removing stm32f10x_tim.o(i.TIM_OCStructInit), (20 bytes).
    Removing stm32f10x_tim.o(i.TIM_PWMIConfig), (124 bytes).
    Removing stm32f10x_tim.o(i.TIM_PrescalerConfig), (6 bytes).
    Removing stm32f10x_tim.o(i.TIM_SelectCCDMA), (24 bytes).
    Removing stm32f10x_tim.o(i.TIM_SelectCOM), (24 bytes).
    Removing stm32f10x_tim.o(i.TIM_SelectHallSensor), (24 bytes).
    Removing stm32f10x_tim.o(i.TIM_SelectInputTrigger), (18 bytes).
    Removing stm32f10x_tim.o(i.TIM_SelectMasterSlaveMode), (18 bytes).
    Removing stm32f10x_tim.o(i.TIM_SelectOCxM), (82 bytes).
    Removing stm32f10x_tim.o(i.TIM_SelectOnePulseMode), (18 bytes).
    Removing stm32f10x_tim.o(i.TIM_SelectOutputTrigger), (18 bytes).
    Removing stm32f10x_tim.o(i.TIM_SelectSlaveMode), (18 bytes).
    Removing stm32f10x_tim.o(i.TIM_SetAutoreload), (4 bytes).
    Removing stm32f10x_tim.o(i.TIM_SetClockDivision), (18 bytes).
    Removing stm32f10x_tim.o(i.TIM_SetCompare1), (4 bytes).
    Removing stm32f10x_tim.o(i.TIM_SetCompare2), (4 bytes).
    Removing stm32f10x_tim.o(i.TIM_SetCompare3), (4 bytes).
    Removing stm32f10x_tim.o(i.TIM_SetCompare4), (6 bytes).
    Removing stm32f10x_tim.o(i.TIM_SetCounter), (4 bytes).
    Removing stm32f10x_tim.o(i.TIM_SetIC1Prescaler), (18 bytes).
    Removing stm32f10x_tim.o(i.TIM_SetIC2Prescaler), (26 bytes).
    Removing stm32f10x_tim.o(i.TIM_SetIC3Prescaler), (18 bytes).
    Removing stm32f10x_tim.o(i.TIM_SetIC4Prescaler), (26 bytes).
    Removing stm32f10x_tim.o(i.TIM_TIxExternalClockConfig), (62 bytes).
    Removing stm32f10x_tim.o(i.TIM_TimeBaseStructInit), (18 bytes).
    Removing stm32f10x_tim.o(i.TIM_UpdateDisableConfig), (24 bytes).
    Removing stm32f10x_tim.o(i.TIM_UpdateRequestConfig), (24 bytes).
    Removing stm32f10x_spi.o(i.I2S_Cmd), (24 bytes).
    Removing stm32f10x_spi.o(i.I2S_Init), (232 bytes).
    Removing stm32f10x_spi.o(i.I2S_StructInit), (20 bytes).
    Removing stm32f10x_spi.o(i.SPI_BiDirectionalLineConfig), (28 bytes).
    Removing stm32f10x_spi.o(i.SPI_CalculateCRC), (24 bytes).
    Removing stm32f10x_spi.o(i.SPI_DataSizeConfig), (18 bytes).
    Removing stm32f10x_spi.o(i.SPI_GetCRC), (16 bytes).
    Removing stm32f10x_spi.o(i.SPI_GetCRCPolynomial), (6 bytes).
    Removing stm32f10x_spi.o(i.SPI_I2S_ClearFlag), (6 bytes).
    Removing stm32f10x_spi.o(i.SPI_I2S_ClearITPendingBit), (20 bytes).
    Removing stm32f10x_spi.o(i.SPI_I2S_DMACmd), (18 bytes).
    Removing stm32f10x_spi.o(i.SPI_I2S_DeInit), (88 bytes).
    Removing stm32f10x_spi.o(i.SPI_I2S_GetITStatus), (52 bytes).
    Removing stm32f10x_spi.o(i.SPI_I2S_ITConfig), (32 bytes).
    Removing stm32f10x_spi.o(i.SPI_NSSInternalSoftwareConfig), (30 bytes).
    Removing stm32f10x_spi.o(i.SPI_SSOutputCmd), (24 bytes).
    Removing stm32f10x_spi.o(i.SPI_StructInit), (24 bytes).
    Removing stm32f10x_spi.o(i.SPI_TransmitCRC), (10 bytes).
    Removing stm32f10x_rtc.o(i.RTC_ClearFlag), (16 bytes).
    Removing stm32f10x_rtc.o(i.RTC_ClearITPendingBit), (16 bytes).
    Removing stm32f10x_rtc.o(i.RTC_GetDivider), (24 bytes).
    Removing stm32f10x_rtc.o(i.RTC_GetFlagStatus), (24 bytes).
    Removing stm32f10x_rtc.o(i.RTC_GetITStatus), (36 bytes).
    Removing stm32f10x_rtc.o(i.RTC_ITConfig), (32 bytes).
    Removing stm32f10x_rtc.o(i.RTC_SetAlarm), (28 bytes).
    Removing stm32f10x_rcc.o(i.RCC_ADCCLKConfig), (24 bytes).
    Removing stm32f10x_rcc.o(i.RCC_AHBPeriphClockCmd), (32 bytes).
    Removing stm32f10x_rcc.o(i.RCC_APB1PeriphResetCmd), (32 bytes).
    Removing stm32f10x_rcc.o(i.RCC_APB2PeriphResetCmd), (32 bytes).
    Removing stm32f10x_rcc.o(i.RCC_AdjustHSICalibrationValue), (24 bytes).
    Removing stm32f10x_rcc.o(i.RCC_ClearFlag), (20 bytes).
    Removing stm32f10x_rcc.o(i.RCC_ClearITPendingBit), (12 bytes).
    Removing stm32f10x_rcc.o(i.RCC_ClockSecuritySystemCmd), (12 bytes).
    Removing stm32f10x_rcc.o(i.RCC_DeInit), (76 bytes).
    Removing stm32f10x_rcc.o(i.RCC_GetITStatus), (24 bytes).
    Removing stm32f10x_rcc.o(i.RCC_GetSYSCLKSource), (16 bytes).
    Removing stm32f10x_rcc.o(i.RCC_HCLKConfig), (24 bytes).
    Removing stm32f10x_rcc.o(i.RCC_HSEConfig), (76 bytes).
    Removing stm32f10x_rcc.o(i.RCC_HSICmd), (12 bytes).
    Removing stm32f10x_rcc.o(i.RCC_ITConfig), (32 bytes).
    Removing stm32f10x_rcc.o(i.RCC_LSEConfig), (52 bytes).
    Removing stm32f10x_rcc.o(i.RCC_MCOConfig), (12 bytes).
    Removing stm32f10x_rcc.o(i.RCC_PCLK1Config), (24 bytes).
    Removing stm32f10x_rcc.o(i.RCC_PCLK2Config), (24 bytes).
    Removing stm32f10x_rcc.o(i.RCC_PLLCmd), (12 bytes).
    Removing stm32f10x_rcc.o(i.RCC_PLLConfig), (28 bytes).
    Removing stm32f10x_rcc.o(i.RCC_SYSCLKConfig), (24 bytes).
    Removing stm32f10x_rcc.o(i.RCC_USBCLKConfig), (12 bytes).
    Removing stm32f10x_rcc.o(i.RCC_WaitForHSEStartUp), (56 bytes).
    Removing stm32f10x_gpio.o(i.GPIO_AFIODeInit), (20 bytes).
    Removing stm32f10x_gpio.o(i.GPIO_DeInit), (200 bytes).
    Removing stm32f10x_gpio.o(i.GPIO_ETH_MediaInterfaceConfig), (12 bytes).
    Removing stm32f10x_gpio.o(i.GPIO_EXTILineConfig), (64 bytes).
    Removing stm32f10x_gpio.o(i.GPIO_EventOutputCmd), (12 bytes).
    Removing stm32f10x_gpio.o(i.GPIO_EventOutputConfig), (32 bytes).
    Removing stm32f10x_gpio.o(i.GPIO_PinLockConfig), (18 bytes).
    Removing stm32f10x_gpio.o(i.GPIO_PinRemapConfig), (144 bytes).
    Removing stm32f10x_gpio.o(i.GPIO_ReadInputData), (8 bytes).
    Removing stm32f10x_gpio.o(i.GPIO_ReadOutputData), (8 bytes).
    Removing stm32f10x_gpio.o(i.GPIO_ReadOutputDataBit), (18 bytes).
    Removing stm32f10x_gpio.o(i.GPIO_StructInit), (16 bytes).
    Removing stm32f10x_gpio.o(i.GPIO_Write), (4 bytes).
    Removing stm32f10x_flash.o(i.FLASH_ClearFlag), (12 bytes).
    Removing stm32f10x_flash.o(i.FLASH_EnableWriteProtection), (196 bytes).
    Removing stm32f10x_flash.o(i.FLASH_EraseAllBank1Pages), (72 bytes).
    Removing stm32f10x_flash.o(i.FLASH_EraseAllPages), (72 bytes).
    Removing stm32f10x_flash.o(i.FLASH_EraseOptionBytes), (168 bytes).
    Removing stm32f10x_flash.o(i.FLASH_GetFlagStatus), (48 bytes).
    Removing stm32f10x_flash.o(i.FLASH_GetPrefetchBufferStatus), (24 bytes).
    Removing stm32f10x_flash.o(i.FLASH_GetReadOutProtectionStatus), (24 bytes).
    Removing stm32f10x_flash.o(i.FLASH_GetStatus), (52 bytes).
    Removing stm32f10x_flash.o(i.FLASH_GetUserOptionByte), (12 bytes).
    Removing stm32f10x_flash.o(i.FLASH_GetWriteProtectionOptionByte), (12 bytes).
    Removing stm32f10x_flash.o(i.FLASH_HalfCycleAccessCmd), (28 bytes).
    Removing stm32f10x_flash.o(i.FLASH_ITConfig), (32 bytes).
    Removing stm32f10x_flash.o(i.FLASH_LockBank1), (20 bytes).
    Removing stm32f10x_flash.o(i.FLASH_PrefetchBufferCmd), (28 bytes).
    Removing stm32f10x_flash.o(i.FLASH_ProgramOptionByteData), (84 bytes).
    Removing stm32f10x_flash.o(i.FLASH_ProgramWord), (108 bytes).
    Removing stm32f10x_flash.o(i.FLASH_ReadOutProtection), (172 bytes).
    Removing stm32f10x_flash.o(i.FLASH_SetLatency), (24 bytes).
    Removing stm32f10x_flash.o(i.FLASH_UnlockBank1), (24 bytes).
    Removing stm32f10x_flash.o(i.FLASH_UserOptionByteConfig), (104 bytes).
    Removing stm32f10x_flash.o(i.FLASH_WaitForLastBank1Operation), (38 bytes).
    Removing stm32f10x_bkp.o(i.BKP_ClearFlag), (20 bytes).
    Removing stm32f10x_bkp.o(i.BKP_ClearITPendingBit), (20 bytes).
    Removing stm32f10x_bkp.o(i.BKP_GetFlagStatus), (12 bytes).
    Removing stm32f10x_bkp.o(i.BKP_GetITStatus), (12 bytes).
    Removing stm32f10x_bkp.o(i.BKP_ITConfig), (12 bytes).
    Removing stm32f10x_bkp.o(i.BKP_RTCOutputConfig), (28 bytes).
    Removing stm32f10x_bkp.o(i.BKP_ReadBackupRegister), (28 bytes).
    Removing stm32f10x_bkp.o(i.BKP_SetRTCCalibrationValue), (28 bytes).
    Removing stm32f10x_bkp.o(i.BKP_TamperPinCmd), (12 bytes).
    Removing stm32f10x_bkp.o(i.BKP_TamperPinLevelConfig), (12 bytes).
    Removing stm32f10x_bkp.o(i.BKP_WriteBackupRegister), (28 bytes).
    Removing stm32f10x_pwr.o(i.PWR_ClearFlag), (20 bytes).
    Removing stm32f10x_pwr.o(i.PWR_DeInit), (22 bytes).
    Removing stm32f10x_pwr.o(i.PWR_EnterSTANDBYMode), (52 bytes).
    Removing stm32f10x_pwr.o(i.PWR_EnterSTOPMode), (64 bytes).
    Removing stm32f10x_pwr.o(i.PWR_GetFlagStatus), (24 bytes).
    Removing stm32f10x_pwr.o(i.PWR_PVDCmd), (12 bytes).
    Removing stm32f10x_pwr.o(i.PWR_PVDLevelConfig), (24 bytes).
    Removing stm32f10x_pwr.o(i.PWR_WakeUpPinCmd), (12 bytes).
    Removing cns_action.o(i.SampleAndErrChkEvent), (14 bytes).
    Removing cns_event.o(i.CNS_OSEnterSleepMode), (2 bytes).
    Removing spi.o(i.SPI1_SetSpeed), (36 bytes).
    Removing spi.o(i.SPI2_ReadWriteByte), (80 bytes).
    Removing spi.o(i.SPIWriteRead), (88 bytes).
    Removing spi.o(.bss), (18 bytes).
    Removing timer.o(i.TIM3_Delay10us), (60 bytes).
    Removing timer.o(i.TIM3_STOP), (24 bytes).
    Removing timer.o(i.TIM4_Delay10us), (60 bytes).
    Removing timer.o(.data), (8 bytes).
    Removing usart.o(.bss), (200 bytes).
    Removing usart.o(.data), (4 bytes).
    Removing rtc.o(i.RTC_Alarm_Set), (200 bytes).
    Removing rtc.o(i.RTC_Get), (256 bytes).
    Removing rtc.o(i.RTC_Get_Week), (120 bytes).
    Removing rtc.o(.bss), (10 bytes).
    Removing rtc.o(.data), (2 bytes).
    Removing stmflash.o(i.Test_Write), (16 bytes).

237 unused section(s) (total 9560 bytes) removed from the image.

==============================================================================

Image Symbol Table

    Local Symbols

    Symbol Name                              Value     Ov Type        Size  Object(Section)

    ../clib/angel/boardlib.s                 0x00000000   Number         0  boardinit3.o ABSOLUTE
    ../clib/angel/boardlib.s                 0x00000000   Number         0  boardinit1.o ABSOLUTE
    ../clib/angel/boardlib.s                 0x00000000   Number         0  boardshut.o ABSOLUTE
    ../clib/angel/boardlib.s                 0x00000000   Number         0  boardinit2.o ABSOLUTE
    ../clib/angel/handlers.s                 0x00000000   Number         0  __scatter_copy.o ABSOLUTE
    ../clib/angel/handlers.s                 0x00000000   Number         0  __scatter_zi.o ABSOLUTE
    ../clib/angel/kernel.s                   0x00000000   Number         0  __rtentry2.o ABSOLUTE
    ../clib/angel/kernel.s                   0x00000000   Number         0  __rtentry4.o ABSOLUTE
    ../clib/angel/kernel.s                   0x00000000   Number         0  rtexit.o ABSOLUTE
    ../clib/angel/kernel.s                   0x00000000   Number         0  rtexit2.o ABSOLUTE
    ../clib/angel/kernel.s                   0x00000000   Number         0  __rtentry.o ABSOLUTE
    ../clib/angel/rt.s                       0x00000000   Number         0  rt_raise.o ABSOLUTE
    ../clib/angel/scatter.s                  0x00000000   Number         0  __scatter.o ABSOLUTE
    ../clib/angel/startup.s                  0x00000000   Number         0  __main.o ABSOLUTE
    ../clib/angel/sys.s                      0x00000000   Number         0  use_no_semi.o ABSOLUTE
    ../clib/angel/sys.s                      0x00000000   Number         0  sys_stackheap_outer.o ABSOLUTE
    ../clib/angel/sys.s                      0x00000000   Number         0  indicate_semi.o ABSOLUTE
    ../clib/angel/sys.s                      0x00000000   Number         0  libspace.o ABSOLUTE
    ../clib/angel/sysapp.c                   0x00000000   Number         0  sys_command.o ABSOLUTE
    ../clib/angel/sysapp.c                   0x00000000   Number         0  sys_exit.o ABSOLUTE
    ../clib/angel/sysapp.c                   0x00000000   Number         0  sys_wrch.o ABSOLUTE
    ../clib/armsys.c                         0x00000000   Number         0  _get_argv_nomalloc.o ABSOLUTE
    ../clib/armsys.c                         0x00000000   Number         0  argv_veneer.o ABSOLUTE
    ../clib/armsys.c                         0x00000000   Number         0  no_argv.o ABSOLUTE
    ../clib/armsys.c                         0x00000000   Number         0  argv_veneer.o ABSOLUTE
    ../clib/heapalloc.c                      0x00000000   Number         0  hrguard.o ABSOLUTE
    ../clib/heapaux.c                        0x00000000   Number         0  heapauxi.o ABSOLUTE
    ../clib/libinit.s                        0x00000000   Number         0  libshutdown2.o ABSOLUTE
    ../clib/libinit.s                        0x00000000   Number         0  libshutdown.o ABSOLUTE
    ../clib/libinit.s                        0x00000000   Number         0  libinit2.o ABSOLUTE
    ../clib/libinit.s                        0x00000000   Number         0  libinit.o ABSOLUTE
    ../clib/memcpset.s                       0x00000000   Number         0  rt_memcpy_w.o ABSOLUTE
    ../clib/memcpset.s                       0x00000000   Number         0  rt_memcpy_v6.o ABSOLUTE
    ../clib/signal.c                         0x00000000   Number         0  defsig_abrt_inner.o ABSOLUTE
    ../clib/signal.c                         0x00000000   Number         0  defsig_pvfn_inner.o ABSOLUTE
    ../clib/signal.c                         0x00000000   Number         0  defsig_general.o ABSOLUTE
    ../clib/signal.c                         0x00000000   Number         0  __raise.o ABSOLUTE
    ../clib/signal.c                         0x00000000   Number         0  defsig_exit.o ABSOLUTE
    ../clib/signal.c                         0x00000000   Number         0  defsig_rtmem_formal.o ABSOLUTE
    ../clib/signal.c                         0x00000000   Number         0  defsig_rtmem_outer.o ABSOLUTE
    ../clib/signal.c                         0x00000000   Number         0  defsig_cppl_inner.o ABSOLUTE
    ../clib/signal.c                         0x00000000   Number         0  defsig_rtmem_inner.o ABSOLUTE
    ../clib/signal.c                         0x00000000   Number         0  defsig_stak_inner.o ABSOLUTE
    ../clib/signal.c                         0x00000000   Number         0  defsig_rtred_inner.o ABSOLUTE
    ../clib/signal.c                         0x00000000   Number         0  defsig_fpe_inner.o ABSOLUTE
    ../clib/signal.c                         0x00000000   Number         0  defsig_other.o ABSOLUTE
    ../clib/signal.c                         0x00000000   Number         0  defsig_segv_inner.o ABSOLUTE
    ../clib/signal.s                         0x00000000   Number         0  defsig.o ABSOLUTE
    ../clib/stdlib.c                         0x00000000   Number         0  exit.o ABSOLUTE
    ../fplib/fpinit.s                        0x00000000   Number         0  fpinit.o ABSOLUTE
    ..\BSP\rtc.c                             0x00000000   Number         0  rtc.o ABSOLUTE
    ..\BSP\spi.c                             0x00000000   Number         0  spi.o ABSOLUTE
    ..\BSP\stmflash.c                        0x00000000   Number         0  stmflash.o ABSOLUTE
    ..\BSP\timer.c                           0x00000000   Number         0  timer.o ABSOLUTE
    ..\BSP\usart.c                           0x00000000   Number         0  usart.o ABSOLUTE
    ..\CNS_CORE\cns_action.c                 0x00000000   Number         0  cns_action.o ABSOLUTE
    ..\CNS_CORE\cns_core.c                   0x00000000   Number         0  cns_core.o ABSOLUTE
    ..\CNS_CORE\cns_event.c                  0x00000000   Number         0  cns_event.o ABSOLUTE
    ..\CORE\core_cm3.c                       0x00000000   Number         0  core_cm3.o ABSOLUTE
    ..\CORE\startup_stm32f10x_hd.s           0x00000000   Number         0  startup_stm32f10x_hd.o ABSOLUTE
    ..\STM32F10x_FWLib\src\misc.c            0x00000000   Number         0  misc.o ABSOLUTE
    ..\STM32F10x_FWLib\src\stm32f10x_bkp.c   0x00000000   Number         0  stm32f10x_bkp.o ABSOLUTE
    ..\STM32F10x_FWLib\src\stm32f10x_flash.c 0x00000000   Number         0  stm32f10x_flash.o ABSOLUTE
    ..\STM32F10x_FWLib\src\stm32f10x_gpio.c  0x00000000   Number         0  stm32f10x_gpio.o ABSOLUTE
    ..\STM32F10x_FWLib\src\stm32f10x_pwr.c   0x00000000   Number         0  stm32f10x_pwr.o ABSOLUTE
    ..\STM32F10x_FWLib\src\stm32f10x_rcc.c   0x00000000   Number         0  stm32f10x_rcc.o ABSOLUTE
    ..\STM32F10x_FWLib\src\stm32f10x_rtc.c   0x00000000   Number         0  stm32f10x_rtc.o ABSOLUTE
    ..\STM32F10x_FWLib\src\stm32f10x_spi.c   0x00000000   Number         0  stm32f10x_spi.o ABSOLUTE
    ..\STM32F10x_FWLib\src\stm32f10x_tim.c   0x00000000   Number         0  stm32f10x_tim.o ABSOLUTE
    ..\STM32F10x_FWLib\src\stm32f10x_usart.c 0x00000000   Number         0  stm32f10x_usart.o ABSOLUTE
    ..\\CORE\\core_cm3.c                     0x00000000   Number         0  core_cm3.o ABSOLUTE
    dc.s                                     0x00000000   Number         0  dc.o ABSOLUTE
    main.c                                   0x00000000   Number         0  main.o ABSOLUTE
    stm32f10x_it.c                           0x00000000   Number         0  stm32f10x_it.o ABSOLUTE
    sys.c                                    0x00000000   Number         0  sys.o ABSOLUTE
    system_stm32f10x.c                       0x00000000   Number         0  system_stm32f10x.o ABSOLUTE
    RESET                                    0x08000000   Section      304  startup_stm32f10x_hd.o(RESET)
    !!!main                                  0x08000130   Section        8  __main.o(!!!main)
    !!!scatter                               0x08000138   Section       52  __scatter.o(!!!scatter)
    !!handler_copy                           0x0800016c   Section       26  __scatter_copy.o(!!handler_copy)
    !!handler_zi                             0x08000188   Section       28  __scatter_zi.o(!!handler_zi)
    .ARM.Collect$$libinit$$00000000          0x080001a4   Section        2  libinit.o(.ARM.Collect$$libinit$$00000000)
    .ARM.Collect$$libinit$$00000002          0x080001a6   Section        0  libinit2.o(.ARM.Collect$$libinit$$00000002)
    .ARM.Collect$$libinit$$00000004          0x080001a6   Section        0  libinit2.o(.ARM.Collect$$libinit$$00000004)
    .ARM.Collect$$libinit$$0000000A          0x080001a6   Section        0  libinit2.o(.ARM.Collect$$libinit$$0000000A)
    .ARM.Collect$$libinit$$0000000C          0x080001a6   Section        0  libinit2.o(.ARM.Collect$$libinit$$0000000C)
    .ARM.Collect$$libinit$$0000000E          0x080001a6   Section        0  libinit2.o(.ARM.Collect$$libinit$$0000000E)
    .ARM.Collect$$libinit$$00000011          0x080001a6   Section        0  libinit2.o(.ARM.Collect$$libinit$$00000011)
    .ARM.Collect$$libinit$$00000013          0x080001a6   Section        0  libinit2.o(.ARM.Collect$$libinit$$00000013)
    .ARM.Collect$$libinit$$00000015          0x080001a6   Section        0  libinit2.o(.ARM.Collect$$libinit$$00000015)
    .ARM.Collect$$libinit$$00000017          0x080001a6   Section        0  libinit2.o(.ARM.Collect$$libinit$$00000017)
    .ARM.Collect$$libinit$$00000019          0x080001a6   Section        0  libinit2.o(.ARM.Collect$$libinit$$00000019)
    .ARM.Collect$$libinit$$0000001B          0x080001a6   Section        0  libinit2.o(.ARM.Collect$$libinit$$0000001B)
    .ARM.Collect$$libinit$$0000001D          0x080001a6   Section        0  libinit2.o(.ARM.Collect$$libinit$$0000001D)
    .ARM.Collect$$libinit$$0000001F          0x080001a6   Section        0  libinit2.o(.ARM.Collect$$libinit$$0000001F)
    .ARM.Collect$$libinit$$00000021          0x080001a6   Section        0  libinit2.o(.ARM.Collect$$libinit$$00000021)
    .ARM.Collect$$libinit$$00000023          0x080001a6   Section        0  libinit2.o(.ARM.Collect$$libinit$$00000023)
    .ARM.Collect$$libinit$$00000025          0x080001a6   Section        0  libinit2.o(.ARM.Collect$$libinit$$00000025)
    .ARM.Collect$$libinit$$0000002C          0x080001a6   Section        0  libinit2.o(.ARM.Collect$$libinit$$0000002C)
    .ARM.Collect$$libinit$$0000002E          0x080001a6   Section        0  libinit2.o(.ARM.Collect$$libinit$$0000002E)
    .ARM.Collect$$libinit$$00000030          0x080001a6   Section        0  libinit2.o(.ARM.Collect$$libinit$$00000030)
    .ARM.Collect$$libinit$$00000032          0x080001a6   Section        0  libinit2.o(.ARM.Collect$$libinit$$00000032)
    .ARM.Collect$$libinit$$00000033          0x080001a6   Section        2  libinit2.o(.ARM.Collect$$libinit$$00000033)
    .ARM.Collect$$libshutdown$$00000000      0x080001a8   Section        2  libshutdown.o(.ARM.Collect$$libshutdown$$00000000)
    .ARM.Collect$$libshutdown$$00000002      0x080001aa   Section        0  libshutdown2.o(.ARM.Collect$$libshutdown$$00000002)
    .ARM.Collect$$libshutdown$$00000004      0x080001aa   Section        0  libshutdown2.o(.ARM.Collect$$libshutdown$$00000004)
    .ARM.Collect$$libshutdown$$00000007      0x080001aa   Section        0  libshutdown2.o(.ARM.Collect$$libshutdown$$00000007)
    .ARM.Collect$$libshutdown$$0000000A      0x080001aa   Section        0  libshutdown2.o(.ARM.Collect$$libshutdown$$0000000A)
    .ARM.Collect$$libshutdown$$0000000C      0x080001aa   Section        0  libshutdown2.o(.ARM.Collect$$libshutdown$$0000000C)
    .ARM.Collect$$libshutdown$$0000000F      0x080001aa   Section        0  libshutdown2.o(.ARM.Collect$$libshutdown$$0000000F)
    .ARM.Collect$$libshutdown$$00000010      0x080001aa   Section        2  libshutdown2.o(.ARM.Collect$$libshutdown$$00000010)
    .ARM.Collect$$rtentry$$00000000          0x080001ac   Section        0  __rtentry.o(.ARM.Collect$$rtentry$$00000000)
    .ARM.Collect$$rtentry$$00000002          0x080001ac   Section        0  __rtentry2.o(.ARM.Collect$$rtentry$$00000002)
    .ARM.Collect$$rtentry$$00000004          0x080001ac   Section        6  __rtentry4.o(.ARM.Collect$$rtentry$$00000004)
    .ARM.Collect$$rtentry$$00000009          0x080001b2   Section        0  __rtentry2.o(.ARM.Collect$$rtentry$$00000009)
    .ARM.Collect$$rtentry$$0000000A          0x080001b2   Section        4  __rtentry2.o(.ARM.Collect$$rtentry$$0000000A)
    .ARM.Collect$$rtentry$$0000000C          0x080001b6   Section        0  __rtentry2.o(.ARM.Collect$$rtentry$$0000000C)
    .ARM.Collect$$rtentry$$0000000D          0x080001b6   Section        8  __rtentry2.o(.ARM.Collect$$rtentry$$0000000D)
    .ARM.Collect$$rtexit$$00000000           0x080001be   Section        2  rtexit.o(.ARM.Collect$$rtexit$$00000000)
    .ARM.Collect$$rtexit$$00000002           0x080001c0   Section        0  rtexit2.o(.ARM.Collect$$rtexit$$00000002)
    .ARM.Collect$$rtexit$$00000003           0x080001c0   Section        4  rtexit2.o(.ARM.Collect$$rtexit$$00000003)
    .ARM.Collect$$rtexit$$00000004           0x080001c4   Section        6  rtexit2.o(.ARM.Collect$$rtexit$$00000004)
    .text                                    0x080001cc   Section       64  startup_stm32f10x_hd.o(.text)
    .text                                    0x0800020c   Section      138  rt_memcpy_v6.o(.text)
    .text                                    0x08000296   Section        0  heapauxi.o(.text)
    .text                                    0x0800029c   Section      100  rt_memcpy_w.o(.text)
    .text                                    0x08000300   Section       74  sys_stackheap_outer.o(.text)
    .text                                    0x0800034a   Section        0  exit.o(.text)
    .text                                    0x0800035c   Section        8  libspace.o(.text)
    .text                                    0x08000364   Section        0  sys_exit.o(.text)
    .text                                    0x08000370   Section        2  use_no_semi.o(.text)
    .text                                    0x08000372   Section        0  indicate_semi.o(.text)
    i.BKP_DeInit                             0x08000372   Section        0  stm32f10x_bkp.o(i.BKP_DeInit)
    i.BusFault_Handler                       0x08000382   Section        0  stm32f10x_it.o(i.BusFault_Handler)
    i.CNS_DataErrCheck                       0x08000388   Section        0  cns_event.o(i.CNS_DataErrCheck)
    i.CNS_EleAndImpSend                      0x08000488   Section        0  cns_event.o(i.CNS_EleAndImpSend)
    i.CNS_ErrCheck                           0x0800048c   Section        0  cns_event.o(i.CNS_ErrCheck)
    i.CNS_EventHandle                        0x0800052c   Section        0  cns_core.o(i.CNS_EventHandle)
    i.CNS_EventPost                          0x0800057c   Section        0  cns_core.o(i.CNS_EventPost)
    i.CNS_EventRegist                        0x0800058c   Section        0  cns_core.o(i.CNS_EventRegist)
    i.CNS_GetSample                          0x08000594   Section        0  cns_event.o(i.CNS_GetSample)
    i.CNS_ReadFlash                          0x08000610   Section        0  cns_event.o(i.CNS_ReadFlash)
    i.CNS_Stimulate                          0x08000614   Section        0  cns_event.o(i.CNS_Stimulate)
    i.CNS_WriteFlash                         0x080006ac   Section        0  cns_event.o(i.CNS_WriteFlash)
    i.CNS_init                               0x08000744   Section        0  cns_core.o(i.CNS_init)
    i.ChargeEvent                            0x080007d8   Section        0  cns_action.o(i.ChargeEvent)
    i.Charge_Init                            0x08000818   Section        0  cns_event.o(i.Charge_Init)
    i.Charge_start                           0x08000850   Section        0  cns_event.o(i.Charge_start)
    i.Charge_stop                            0x08000864   Section        0  cns_event.o(i.Charge_stop)
    i.CheckFlashData                         0x08000878   Section        0  stmflash.o(i.CheckFlashData)
    i.DataCheckEvent                         0x080008a4   Section        0  cns_action.o(i.DataCheckEvent)
    i.DebugMon_Handler                       0x08000950   Section        0  stm32f10x_it.o(i.DebugMon_Handler)
    i.EleAndImpEvent                         0x08000952   Section        0  cns_action.o(i.EleAndImpEvent)
    i.FLASH_ErasePage                        0x0800095c   Section        0  stm32f10x_flash.o(i.FLASH_ErasePage)
    i.FLASH_GetBank1Status                   0x080009a8   Section        0  stm32f10x_flash.o(i.FLASH_GetBank1Status)
    i.FLASH_Lock                             0x080009dc   Section        0  stm32f10x_flash.o(i.FLASH_Lock)
    i.FLASH_ProgramHalfWord                  0x080009f0   Section        0  stm32f10x_flash.o(i.FLASH_ProgramHalfWord)
    i.FLASH_Unlock                           0x08000a30   Section        0  stm32f10x_flash.o(i.FLASH_Unlock)
    i.FLASH_WaitForLastOperation             0x08000a48   Section        0  stm32f10x_flash.o(i.FLASH_WaitForLastOperation)
    i.GPIO_Init                              0x08000a6e   Section        0  stm32f10x_gpio.o(i.GPIO_Init)
    i.GPIO_ReadInputDataBit                  0x08000b84   Section        0  stm32f10x_gpio.o(i.GPIO_ReadInputDataBit)
    i.GPIO_ResetBits                         0x08000b96   Section        0  stm32f10x_gpio.o(i.GPIO_ResetBits)
    i.GPIO_SetBits                           0x08000b9a   Section        0  stm32f10x_gpio.o(i.GPIO_SetBits)
    i.GPIO_WriteBit                          0x08000b9e   Section        0  stm32f10x_gpio.o(i.GPIO_WriteBit)
    i.GetChargeState                         0x08000ba8   Section        0  cns_event.o(i.GetChargeState)
    i.HardFault_Handler                      0x08000bc0   Section        0  stm32f10x_it.o(i.HardFault_Handler)
    i.INTX_DISABLE                           0x08000bc6   Section        0  sys.o(i.INTX_DISABLE)
    i.INTX_ENABLE                            0x08000bca   Section        0  sys.o(i.INTX_ENABLE)
    i.Is_Leap_Year                           0x08000bce   Section        0  rtc.o(i.Is_Leap_Year)
    i.ItanCLEAR                              0x08000c08   Section        0  cns_event.o(i.ItanCLEAR)
    i.ItanCONVERT                            0x08000c1e   Section        0  cns_event.o(i.ItanCONVERT)
    i.ItanInit                               0x08000c36   Section        0  cns_event.o(i.ItanInit)
    i.ItanSTIMULATE                          0x08000d40   Section        0  cns_event.o(i.ItanSTIMULATE)
    i.ItanSend                               0x08000d5c   Section        0  cns_event.o(i.ItanSend)
    i.ItanTriWRITE                           0x08000d90   Section        0  cns_event.o(i.ItanTriWRITE)
    i.ItanWRITE                              0x08000db6   Section        0  cns_event.o(i.ItanWRITE)
    i.MemManage_Handler                      0x08000ddc   Section        0  stm32f10x_it.o(i.MemManage_Handler)
    i.NMI_Handler                            0x08000de0   Section        0  stm32f10x_it.o(i.NMI_Handler)
    i.NVIC_Init                              0x08000de4   Section        0  misc.o(i.NVIC_Init)
    i.NextWriteAddr                          0x08000e54   Section        0  stmflash.o(i.NextWriteAddr)
    i.PWR_BackupAccessCmd                    0x08000e9c   Section        0  stm32f10x_pwr.o(i.PWR_BackupAccessCmd)
    i.PostTaskToDataChk                      0x08000ea8   Section        0  usart.o(i.PostTaskToDataChk)
    i.RCC_APB1PeriphClockCmd                 0x08000ebc   Section        0  stm32f10x_rcc.o(i.RCC_APB1PeriphClockCmd)
    i.RCC_APB2PeriphClockCmd                 0x08000edc   Section        0  stm32f10x_rcc.o(i.RCC_APB2PeriphClockCmd)
    i.RCC_BackupResetCmd                     0x08000efc   Section        0  stm32f10x_rcc.o(i.RCC_BackupResetCmd)
    i.RCC_GetClocksFreq                      0x08000f08   Section        0  stm32f10x_rcc.o(i.RCC_GetClocksFreq)
    i.RCC_GetFlagStatus                      0x08000fdc   Section        0  stm32f10x_rcc.o(i.RCC_GetFlagStatus)
    i.RCC_LSICmd                             0x08001018   Section        0  stm32f10x_rcc.o(i.RCC_LSICmd)
    i.RCC_RTCCLKCmd                          0x08001024   Section        0  stm32f10x_rcc.o(i.RCC_RTCCLKCmd)
    i.RCC_RTCCLKConfig                       0x08001030   Section        0  stm32f10x_rcc.o(i.RCC_RTCCLKConfig)
    i.RTC_EnterConfigMode                    0x08001040   Section        0  stm32f10x_rtc.o(i.RTC_EnterConfigMode)
    i.RTC_ExitConfigMode                     0x08001054   Section        0  stm32f10x_rtc.o(i.RTC_ExitConfigMode)
    i.RTC_GetCounter                         0x08001068   Section        0  stm32f10x_rtc.o(i.RTC_GetCounter)
    i.RTC_Init                               0x0800107c   Section        0  rtc.o(i.RTC_Init)
    i.RTC_Set                                0x080010e8   Section        0  rtc.o(i.RTC_Set)
    i.RTC_SetCounter                         0x080011b0   Section        0  stm32f10x_rtc.o(i.RTC_SetCounter)
    i.RTC_SetPrescaler                       0x080011cc   Section        0  stm32f10x_rtc.o(i.RTC_SetPrescaler)
    i.RTC_WaitForLastTask                    0x080011ec   Section        0  stm32f10x_rtc.o(i.RTC_WaitForLastTask)
    i.RTC_WaitForSynchro                     0x08001200   Section        0  stm32f10x_rtc.o(i.RTC_WaitForSynchro)
    i.ReadFlashEvent                         0x08001224   Section        0  cns_action.o(i.ReadFlashEvent)
    i.ReplyConfirm                           0x08001230   Section        0  cns_event.o(i.ReplyConfirm)
    i.ReplyEEG                               0x0800130c   Section        0  cns_event.o(i.ReplyEEG)
    i.ReplyFlashEEG                          0x08001418   Section        0  cns_event.o(i.ReplyFlashEEG)
    i.ReplyInf                               0x08001534   Section        0  cns_event.o(i.ReplyInf)
    i.RestoreData                            0x080015c8   Section        0  cns_event.o(i.RestoreData)
    i.SPI1_Init                              0x08001600   Section        0  spi.o(i.SPI1_Init)
    i.SPI1_ReadWriteByte                     0x080016b8   Section        0  spi.o(i.SPI1_ReadWriteByte)
    i.SPI_Cmd                                0x08001708   Section        0  stm32f10x_spi.o(i.SPI_Cmd)
    i.SPI_I2S_GetFlagStatus                  0x08001720   Section        0  stm32f10x_spi.o(i.SPI_I2S_GetFlagStatus)
    i.SPI_I2S_ReceiveData                    0x08001732   Section        0  stm32f10x_spi.o(i.SPI_I2S_ReceiveData)
    i.SPI_I2S_SendData                       0x08001738   Section        0  stm32f10x_spi.o(i.SPI_I2S_SendData)
    i.SPI_Init                               0x0800173c   Section        0  stm32f10x_spi.o(i.SPI_Init)
    i.STMFLASH_Read                          0x08001778   Section        0  stmflash.o(i.STMFLASH_Read)
    i.STMFLASH_ReadHalfWord                  0x0800179a   Section        0  stmflash.o(i.STMFLASH_ReadHalfWord)
    i.STMFLASH_ReadWord                      0x080017a0   Section        0  stmflash.o(i.STMFLASH_ReadWord)
    i.STMFLASH_Write                         0x080017a8   Section        0  stmflash.o(i.STMFLASH_Write)
    i.STMFLASH_WriteAddrPointer              0x080018f4   Section        0  stmflash.o(i.STMFLASH_WriteAddrPointer)
    i.STMFLASH_Write_NoCheck                 0x080019c8   Section        0  stmflash.o(i.STMFLASH_Write_NoCheck)
    i.SVC_Handler                            0x080019ee   Section        0  stm32f10x_it.o(i.SVC_Handler)
    i.SetSysClock                            0x080019f0   Section        0  system_stm32f10x.o(i.SetSysClock)
    SetSysClock                              0x080019f1   Thumb Code     8  system_stm32f10x.o(i.SetSysClock)
    i.SetSysClockTo72                        0x080019f8   Section        0  system_stm32f10x.o(i.SetSysClockTo72)
    SetSysClockTo72                          0x080019f9   Thumb Code   214  system_stm32f10x.o(i.SetSysClockTo72)
    i.StimulateEvent                         0x08001ad8   Section        0  cns_action.o(i.StimulateEvent)
    i.SysTick_Handler                        0x08001ae2   Section        0  stm32f10x_it.o(i.SysTick_Handler)
    i.SystemInit                             0x08001ae4   Section        0  system_stm32f10x.o(i.SystemInit)
    i.TIM3_IRQHandler                        0x08001b44   Section        0  timer.o(i.TIM3_IRQHandler)
    i.TIM3_Int_Init                          0x08001c74   Section        0  timer.o(i.TIM3_Int_Init)
    i.TIM3_Start                             0x08001ccc   Section        0  timer.o(i.TIM3_Start)
    i.TIM4_IRQHandler                        0x08001ce0   Section        0  timer.o(i.TIM4_IRQHandler)
    i.TIM4_Int_Init                          0x08001d04   Section        0  timer.o(i.TIM4_Int_Init)
    i.TIM_ClearITPendingBit                  0x08001d64   Section        0  stm32f10x_tim.o(i.TIM_ClearITPendingBit)
    i.TIM_Cmd                                0x08001d6a   Section        0  stm32f10x_tim.o(i.TIM_Cmd)
    i.TIM_GetITStatus                        0x08001d82   Section        0  stm32f10x_tim.o(i.TIM_GetITStatus)
    i.TIM_ITConfig                           0x08001da4   Section        0  stm32f10x_tim.o(i.TIM_ITConfig)
    i.TIM_TimeBaseInit                       0x08001db8   Section        0  stm32f10x_tim.o(i.TIM_TimeBaseInit)
    i.USART1_IRQHandler                      0x08001e5c   Section        0  usart.o(i.USART1_IRQHandler)
    i.USART_Cmd                              0x08001f5c   Section        0  stm32f10x_usart.o(i.USART_Cmd)
    i.USART_GetFlagStatus                    0x08001f74   Section        0  stm32f10x_usart.o(i.USART_GetFlagStatus)
    i.USART_GetITStatus                      0x08001f8e   Section        0  stm32f10x_usart.o(i.USART_GetITStatus)
    i.USART_ITConfig                         0x08001fe2   Section        0  stm32f10x_usart.o(i.USART_ITConfig)
    i.USART_Init                             0x0800202c   Section        0  stm32f10x_usart.o(i.USART_Init)
    i.USART_ReceiveData                      0x08002104   Section        0  stm32f10x_usart.o(i.USART_ReceiveData)
    i.UsageFault_Handler                     0x0800210e   Section        0  stm32f10x_it.o(i.UsageFault_Handler)
    i.UsartSend                              0x08002114   Section        0  cns_event.o(i.UsartSend)
    i.WriteAddrPointerInit                   0x08002140   Section        0  cns_core.o(i.WriteAddrPointerInit)
    i.WriteFlashEvent                        0x08002200   Section        0  cns_action.o(i.WriteFlashEvent)
    i.main                                   0x0800221e   Section        0  main.o(i.main)
    i.uart_init                              0x0800222c   Section        0  usart.o(i.uart_init)
    .constdata                               0x080022cc   Section       24  rtc.o(.constdata)
    .data                                    0x20000000   Section       20  stm32f10x_rcc.o(.data)
    APBAHBPrescTable                         0x20000000   Data          16  stm32f10x_rcc.o(.data)
    ADCPrescTable                            0x20000010   Data           4  stm32f10x_rcc.o(.data)
    .data                                    0x20000014   Section      140  cns_core.o(.data)
    .data                                    0x200000a0   Section        4  cns_action.o(.data)
    .data                                    0x200000a4   Section       12  cns_event.o(.data)
    .bss                                     0x200000b0   Section     1032  cns_core.o(.bss)
    EventArry                                0x200000b0   Data          40  cns_core.o(.bss)
    CMN_BUF                                  0x200000d8   Data          64  cns_core.o(.bss)
    REPLY_BUF                                0x20000118   Data         512  cns_core.o(.bss)
    EEG_BUF                                  0x20000318   Data         406  cns_core.o(.bss)
    .bss                                     0x200004b8   Section     2048  stmflash.o(.bss)
    .bss                                     0x20000cb8   Section       96  libspace.o(.bss)
    HEAP                                     0x20000d18   Section      512  startup_stm32f10x_hd.o(HEAP)
    Heap_Mem                                 0x20000d18   Data         512  startup_stm32f10x_hd.o(HEAP)
    STACK                                    0x20000f18   Section     1024  startup_stm32f10x_hd.o(STACK)
    Stack_Mem                                0x20000f18   Data        1024  startup_stm32f10x_hd.o(STACK)
    __initial_sp                             0x20001318   Data           0  startup_stm32f10x_hd.o(STACK)

    Global Symbols

    Symbol Name                              Value     Ov Type        Size  Object(Section)

    BuildAttributes$$THM_ISAv4$P$D$K$B$S$PE$A:L22UL41UL21$X:L11$S22US41US21$IEEE1$IW$USESV6$~STKCKD$USESV7$~SHL$OSPACE$ROPI$EBA8$UX$STANDARDLIB$REQ8$PRES8$EABIv2 0x00000000   Number         0  anon$$obj.o ABSOLUTE
    __ARM_use_no_argv                        0x00000000   Number         0  main.o ABSOLUTE
    __ARM_exceptions_init                     - Undefined Weak Reference
    __alloca_initialize                       - Undefined Weak Reference
    __arm_preinit_                            - Undefined Weak Reference
    __cpp_initialize__aeabi_                  - Undefined Weak Reference
    __cxa_finalize                            - Undefined Weak Reference
    __rt_locale                               - Undefined Weak Reference
    __sigvec_lookup                           - Undefined Weak Reference
    _atexit_init                              - Undefined Weak Reference
    _call_atexit_fns                          - Undefined Weak Reference
    _clock_init                               - Undefined Weak Reference
    _fp_trap_init                             - Undefined Weak Reference
    _fp_trap_shutdown                         - Undefined Weak Reference
    _get_lc_collate                           - Undefined Weak Reference
    _get_lc_ctype                             - Undefined Weak Reference
    _get_lc_monetary                          - Undefined Weak Reference
    _get_lc_numeric                           - Undefined Weak Reference
    _get_lc_time                              - Undefined Weak Reference
    _getenv_init                              - Undefined Weak Reference
    _handle_redirection                       - Undefined Weak Reference
    _init_alloc                               - Undefined Weak Reference
    _init_user_alloc                          - Undefined Weak Reference
    _initio                                   - Undefined Weak Reference
    _rand_init                                - Undefined Weak Reference
    _signal_finish                            - Undefined Weak Reference
    _signal_init                              - Undefined Weak Reference
    _terminate_alloc                          - Undefined Weak Reference
    _terminate_user_alloc                     - Undefined Weak Reference
    _terminateio                              - Undefined Weak Reference
    __Vectors_Size                           0x00000130   Number         0  startup_stm32f10x_hd.o ABSOLUTE
    __Vectors                                0x08000000   Data           4  startup_stm32f10x_hd.o(RESET)
    __Vectors_End                            0x08000130   Data           0  startup_stm32f10x_hd.o(RESET)
    __main                                   0x08000131   Thumb Code     8  __main.o(!!!main)
    __scatterload                            0x08000139   Thumb Code     0  __scatter.o(!!!scatter)
    __scatterload_rt2                        0x08000139   Thumb Code    44  __scatter.o(!!!scatter)
    __scatterload_rt2_thumb_only             0x08000139   Thumb Code     0  __scatter.o(!!!scatter)
    __scatterload_null                       0x08000147   Thumb Code     0  __scatter.o(!!!scatter)
    __scatterload_copy                       0x0800016d   Thumb Code    26  __scatter_copy.o(!!handler_copy)
    __scatterload_zeroinit                   0x08000189   Thumb Code    28  __scatter_zi.o(!!handler_zi)
    __rt_lib_init                            0x080001a5   Thumb Code     0  libinit.o(.ARM.Collect$$libinit$$00000000)
    __rt_lib_init_alloca_1                   0x080001a7   Thumb Code     0  libinit2.o(.ARM.Collect$$libinit$$0000002E)
    __rt_lib_init_argv_1                     0x080001a7   Thumb Code     0  libinit2.o(.ARM.Collect$$libinit$$0000002C)
    __rt_lib_init_atexit_1                   0x080001a7   Thumb Code     0  libinit2.o(.ARM.Collect$$libinit$$0000001B)
    __rt_lib_init_clock_1                    0x080001a7   Thumb Code     0  libinit2.o(.ARM.Collect$$libinit$$00000021)
    __rt_lib_init_cpp_1                      0x080001a7   Thumb Code     0  libinit2.o(.ARM.Collect$$libinit$$00000032)
    __rt_lib_init_exceptions_1               0x080001a7   Thumb Code     0  libinit2.o(.ARM.Collect$$libinit$$00000030)
    __rt_lib_init_fp_1                       0x080001a7   Thumb Code     0  libinit2.o(.ARM.Collect$$libinit$$00000002)
    __rt_lib_init_fp_trap_1                  0x080001a7   Thumb Code     0  libinit2.o(.ARM.Collect$$libinit$$0000001F)
    __rt_lib_init_getenv_1                   0x080001a7   Thumb Code     0  libinit2.o(.ARM.Collect$$libinit$$00000023)
    __rt_lib_init_heap_1                     0x080001a7   Thumb Code     0  libinit2.o(.ARM.Collect$$libinit$$0000000A)
    __rt_lib_init_lc_collate_1               0x080001a7   Thumb Code     0  libinit2.o(.ARM.Collect$$libinit$$00000011)
    __rt_lib_init_lc_ctype_1                 0x080001a7   Thumb Code     0  libinit2.o(.ARM.Collect$$libinit$$00000013)
    __rt_lib_init_lc_monetary_1              0x080001a7   Thumb Code     0  libinit2.o(.ARM.Collect$$libinit$$00000015)
    __rt_lib_init_lc_numeric_1               0x080001a7   Thumb Code     0  libinit2.o(.ARM.Collect$$libinit$$00000017)
    __rt_lib_init_lc_time_1                  0x080001a7   Thumb Code     0  libinit2.o(.ARM.Collect$$libinit$$00000019)
    __rt_lib_init_preinit_1                  0x080001a7   Thumb Code     0  libinit2.o(.ARM.Collect$$libinit$$00000004)
    __rt_lib_init_rand_1                     0x080001a7   Thumb Code     0  libinit2.o(.ARM.Collect$$libinit$$0000000E)
    __rt_lib_init_return                     0x080001a7   Thumb Code     0  libinit2.o(.ARM.Collect$$libinit$$00000033)
    __rt_lib_init_signal_1                   0x080001a7   Thumb Code     0  libinit2.o(.ARM.Collect$$libinit$$0000001D)
    __rt_lib_init_stdio_1                    0x080001a7   Thumb Code     0  libinit2.o(.ARM.Collect$$libinit$$00000025)
    __rt_lib_init_user_alloc_1               0x080001a7   Thumb Code     0  libinit2.o(.ARM.Collect$$libinit$$0000000C)
    __rt_lib_shutdown                        0x080001a9   Thumb Code     0  libshutdown.o(.ARM.Collect$$libshutdown$$00000000)
    __rt_lib_shutdown_cpp_1                  0x080001ab   Thumb Code     0  libshutdown2.o(.ARM.Collect$$libshutdown$$00000002)
    __rt_lib_shutdown_fp_trap_1              0x080001ab   Thumb Code     0  libshutdown2.o(.ARM.Collect$$libshutdown$$00000007)
    __rt_lib_shutdown_heap_1                 0x080001ab   Thumb Code     0  libshutdown2.o(.ARM.Collect$$libshutdown$$0000000F)
    __rt_lib_shutdown_return                 0x080001ab   Thumb Code     0  libshutdown2.o(.ARM.Collect$$libshutdown$$00000010)
    __rt_lib_shutdown_signal_1               0x080001ab   Thumb Code     0  libshutdown2.o(.ARM.Collect$$libshutdown$$0000000A)
    __rt_lib_shutdown_stdio_1                0x080001ab   Thumb Code     0  libshutdown2.o(.ARM.Collect$$libshutdown$$00000004)
    __rt_lib_shutdown_user_alloc_1           0x080001ab   Thumb Code     0  libshutdown2.o(.ARM.Collect$$libshutdown$$0000000C)
    __rt_entry                               0x080001ad   Thumb Code     0  __rtentry.o(.ARM.Collect$$rtentry$$00000000)
    __rt_entry_presh_1                       0x080001ad   Thumb Code     0  __rtentry2.o(.ARM.Collect$$rtentry$$00000002)
    __rt_entry_sh                            0x080001ad   Thumb Code     0  __rtentry4.o(.ARM.Collect$$rtentry$$00000004)
    __rt_entry_li                            0x080001b3   Thumb Code     0  __rtentry2.o(.ARM.Collect$$rtentry$$0000000A)
    __rt_entry_postsh_1                      0x080001b3   Thumb Code     0  __rtentry2.o(.ARM.Collect$$rtentry$$00000009)
    __rt_entry_main                          0x080001b7   Thumb Code     0  __rtentry2.o(.ARM.Collect$$rtentry$$0000000D)
    __rt_entry_postli_1                      0x080001b7   Thumb Code     0  __rtentry2.o(.ARM.Collect$$rtentry$$0000000C)
    __rt_exit                                0x080001bf   Thumb Code     0  rtexit.o(.ARM.Collect$$rtexit$$00000000)
    __rt_exit_ls                             0x080001c1   Thumb Code     0  rtexit2.o(.ARM.Collect$$rtexit$$00000003)
    __rt_exit_prels_1                        0x080001c1   Thumb Code     0  rtexit2.o(.ARM.Collect$$rtexit$$00000002)
    __rt_exit_exit                           0x080001c5   Thumb Code     0  rtexit2.o(.ARM.Collect$$rtexit$$00000004)
    Reset_Handler                            0x080001cd   Thumb Code     8  startup_stm32f10x_hd.o(.text)
    PendSV_Handler                           0x080001e3   Thumb Code     2  startup_stm32f10x_hd.o(.text)
    ADC1_2_IRQHandler                        0x080001e7   Thumb Code     0  startup_stm32f10x_hd.o(.text)
    ADC3_IRQHandler                          0x080001e7   Thumb Code     0  startup_stm32f10x_hd.o(.text)
    CAN1_RX1_IRQHandler                      0x080001e7   Thumb Code     0  startup_stm32f10x_hd.o(.text)
    CAN1_SCE_IRQHandler                      0x080001e7   Thumb Code     0  startup_stm32f10x_hd.o(.text)
    DMA1_Channel1_IRQHandler                 0x080001e7   Thumb Code     0  startup_stm32f10x_hd.o(.text)
    DMA1_Channel2_IRQHandler                 0x080001e7   Thumb Code     0  startup_stm32f10x_hd.o(.text)
    DMA1_Channel3_IRQHandler                 0x080001e7   Thumb Code     0  startup_stm32f10x_hd.o(.text)
    DMA1_Channel4_IRQHandler                 0x080001e7   Thumb Code     0  startup_stm32f10x_hd.o(.text)
    DMA1_Channel5_IRQHandler                 0x080001e7   Thumb Code     0  startup_stm32f10x_hd.o(.text)
    DMA1_Channel6_IRQHandler                 0x080001e7   Thumb Code     0  startup_stm32f10x_hd.o(.text)
    DMA1_Channel7_IRQHandler                 0x080001e7   Thumb Code     0  startup_stm32f10x_hd.o(.text)
    DMA2_Channel1_IRQHandler                 0x080001e7   Thumb Code     0  startup_stm32f10x_hd.o(.text)
    DMA2_Channel2_IRQHandler                 0x080001e7   Thumb Code     0  startup_stm32f10x_hd.o(.text)
    DMA2_Channel3_IRQHandler                 0x080001e7   Thumb Code     0  startup_stm32f10x_hd.o(.text)
    DMA2_Channel4_5_IRQHandler               0x080001e7   Thumb Code     0  startup_stm32f10x_hd.o(.text)
    EXTI0_IRQHandler                         0x080001e7   Thumb Code     0  startup_stm32f10x_hd.o(.text)
    EXTI15_10_IRQHandler                     0x080001e7   Thumb Code     0  startup_stm32f10x_hd.o(.text)
    EXTI1_IRQHandler                         0x080001e7   Thumb Code     0  startup_stm32f10x_hd.o(.text)
    EXTI2_IRQHandler                         0x080001e7   Thumb Code     0  startup_stm32f10x_hd.o(.text)
    EXTI3_IRQHandler                         0x080001e7   Thumb Code     0  startup_stm32f10x_hd.o(.text)
    EXTI4_IRQHandler                         0x080001e7   Thumb Code     0  startup_stm32f10x_hd.o(.text)
    EXTI9_5_IRQHandler                       0x080001e7   Thumb Code     0  startup_stm32f10x_hd.o(.text)
    FLASH_IRQHandler                         0x080001e7   Thumb Code     0  startup_stm32f10x_hd.o(.text)
    FSMC_IRQHandler                          0x080001e7   Thumb Code     0  startup_stm32f10x_hd.o(.text)
    I2C1_ER_IRQHandler                       0x080001e7   Thumb Code     0  startup_stm32f10x_hd.o(.text)
    I2C1_EV_IRQHandler                       0x080001e7   Thumb Code     0  startup_stm32f10x_hd.o(.text)
    I2C2_ER_IRQHandler                       0x080001e7   Thumb Code     0  startup_stm32f10x_hd.o(.text)
    I2C2_EV_IRQHandler                       0x080001e7   Thumb Code     0  startup_stm32f10x_hd.o(.text)
    PVD_IRQHandler                           0x080001e7   Thumb Code     0  startup_stm32f10x_hd.o(.text)
    RCC_IRQHandler                           0x080001e7   Thumb Code     0  startup_stm32f10x_hd.o(.text)
    RTCAlarm_IRQHandler                      0x080001e7   Thumb Code     0  startup_stm32f10x_hd.o(.text)
    RTC_IRQHandler                           0x080001e7   Thumb Code     0  startup_stm32f10x_hd.o(.text)
    SDIO_IRQHandler                          0x080001e7   Thumb Code     0  startup_stm32f10x_hd.o(.text)
    SPI1_IRQHandler                          0x080001e7   Thumb Code     0  startup_stm32f10x_hd.o(.text)
    SPI2_IRQHandler                          0x080001e7   Thumb Code     0  startup_stm32f10x_hd.o(.text)
    SPI3_IRQHandler                          0x080001e7   Thumb Code     0  startup_stm32f10x_hd.o(.text)
    TAMPER_IRQHandler                        0x080001e7   Thumb Code     0  startup_stm32f10x_hd.o(.text)
    TIM1_BRK_IRQHandler                      0x080001e7   Thumb Code     0  startup_stm32f10x_hd.o(.text)
    TIM1_CC_IRQHandler                       0x080001e7   Thumb Code     0  startup_stm32f10x_hd.o(.text)
    TIM1_TRG_COM_IRQHandler                  0x080001e7   Thumb Code     0  startup_stm32f10x_hd.o(.text)
    TIM1_UP_IRQHandler                       0x080001e7   Thumb Code     0  startup_stm32f10x_hd.o(.text)
    TIM2_IRQHandler                          0x080001e7   Thumb Code     0  startup_stm32f10x_hd.o(.text)
    TIM5_IRQHandler                          0x080001e7   Thumb Code     0  startup_stm32f10x_hd.o(.text)
    TIM6_IRQHandler                          0x080001e7   Thumb Code     0  startup_stm32f10x_hd.o(.text)
    TIM7_IRQHandler                          0x080001e7   Thumb Code     0  startup_stm32f10x_hd.o(.text)
    TIM8_BRK_IRQHandler                      0x080001e7   Thumb Code     0  startup_stm32f10x_hd.o(.text)
    TIM8_CC_IRQHandler                       0x080001e7   Thumb Code     0  startup_stm32f10x_hd.o(.text)
    TIM8_TRG_COM_IRQHandler                  0x080001e7   Thumb Code     0  startup_stm32f10x_hd.o(.text)
    TIM8_UP_IRQHandler                       0x080001e7   Thumb Code     0  startup_stm32f10x_hd.o(.text)
    UART4_IRQHandler                         0x080001e7   Thumb Code     0  startup_stm32f10x_hd.o(.text)
    UART5_IRQHandler                         0x080001e7   Thumb Code     0  startup_stm32f10x_hd.o(.text)
    USART2_IRQHandler                        0x080001e7   Thumb Code     0  startup_stm32f10x_hd.o(.text)
    USART3_IRQHandler                        0x080001e7   Thumb Code     0  startup_stm32f10x_hd.o(.text)
    USBWakeUp_IRQHandler                     0x080001e7   Thumb Code     0  startup_stm32f10x_hd.o(.text)
    USB_HP_CAN1_TX_IRQHandler                0x080001e7   Thumb Code     0  startup_stm32f10x_hd.o(.text)
    USB_LP_CAN1_RX0_IRQHandler               0x080001e7   Thumb Code     0  startup_stm32f10x_hd.o(.text)
    WWDG_IRQHandler                          0x080001e7   Thumb Code     0  startup_stm32f10x_hd.o(.text)
    __user_initial_stackheap                 0x080001e9   Thumb Code     0  startup_stm32f10x_hd.o(.text)
    __aeabi_memcpy                           0x0800020d   Thumb Code     0  rt_memcpy_v6.o(.text)
    __rt_memcpy                              0x0800020d   Thumb Code   138  rt_memcpy_v6.o(.text)
    _memcpy_lastbytes                        0x08000273   Thumb Code     0  rt_memcpy_v6.o(.text)
    __use_two_region_memory                  0x08000297   Thumb Code     2  heapauxi.o(.text)
    __rt_heap_escrow$2region                 0x08000299   Thumb Code     2  heapauxi.o(.text)
    __rt_heap_expand$2region                 0x0800029b   Thumb Code     2  heapauxi.o(.text)
    __aeabi_memcpy4                          0x0800029d   Thumb Code     0  rt_memcpy_w.o(.text)
    __aeabi_memcpy8                          0x0800029d   Thumb Code     0  rt_memcpy_w.o(.text)
    __rt_memcpy_w                            0x0800029d   Thumb Code   100  rt_memcpy_w.o(.text)
    _memcpy_lastbytes_aligned                0x080002e5   Thumb Code     0  rt_memcpy_w.o(.text)
    __user_setup_stackheap                   0x08000301   Thumb Code    74  sys_stackheap_outer.o(.text)
    exit                                     0x0800034b   Thumb Code    18  exit.o(.text)
    __user_libspace                          0x0800035d   Thumb Code     8  libspace.o(.text)
    __user_perproc_libspace                  0x0800035d   Thumb Code     0  libspace.o(.text)
    __user_perthread_libspace                0x0800035d   Thumb Code     0  libspace.o(.text)
    _sys_exit                                0x08000365   Thumb Code     8  sys_exit.o(.text)
    __I$use$semihosting                      0x08000371   Thumb Code     0  use_no_semi.o(.text)
    __use_no_semihosting_swi                 0x08000371   Thumb Code     2  use_no_semi.o(.text)
    BKP_DeInit                               0x08000373   Thumb Code    16  stm32f10x_bkp.o(i.BKP_DeInit)
    __semihosting_library_function           0x08000373   Thumb Code     0  indicate_semi.o(.text)
    BusFault_Handler                         0x08000383   Thumb Code     4  stm32f10x_it.o(i.BusFault_Handler)
    CNS_DataErrCheck                         0x08000389   Thumb Code   242  cns_event.o(i.CNS_DataErrCheck)
    CNS_EleAndImpSend                        0x08000489   Thumb Code     2  cns_event.o(i.CNS_EleAndImpSend)
    CNS_ErrCheck                             0x0800048d   Thumb Code   136  cns_event.o(i.CNS_ErrCheck)
    CNS_EventHandle                          0x0800052d   Thumb Code    72  cns_core.o(i.CNS_EventHandle)
    CNS_EventPost                            0x0800057d   Thumb Code    12  cns_core.o(i.CNS_EventPost)
    CNS_EventRegist                          0x0800058d   Thumb Code     6  cns_core.o(i.CNS_EventRegist)
    CNS_GetSample                            0x08000595   Thumb Code   108  cns_event.o(i.CNS_GetSample)
    CNS_ReadFlash                            0x08000611   Thumb Code     2  cns_event.o(i.CNS_ReadFlash)
    CNS_Stimulate                            0x08000615   Thumb Code   132  cns_event.o(i.CNS_Stimulate)
    CNS_WriteFlash                           0x080006ad   Thumb Code   136  cns_event.o(i.CNS_WriteFlash)
    CNS_init                                 0x08000745   Thumb Code   112  cns_core.o(i.CNS_init)
    ChargeEvent                              0x080007d9   Thumb Code    56  cns_action.o(i.ChargeEvent)
    Charge_Init                              0x08000819   Thumb Code    50  cns_event.o(i.Charge_Init)
    Charge_start                             0x08000851   Thumb Code    14  cns_event.o(i.Charge_start)
    Charge_stop                              0x08000865   Thumb Code    14  cns_event.o(i.Charge_stop)
    CheckFlashData                           0x08000879   Thumb Code    42  stmflash.o(i.CheckFlashData)
    DataCheckEvent                           0x080008a5   Thumb Code   160  cns_action.o(i.DataCheckEvent)
    DebugMon_Handler                         0x08000951   Thumb Code     2  stm32f10x_it.o(i.DebugMon_Handler)
    EleAndImpEvent                           0x08000953   Thumb Code    10  cns_action.o(i.EleAndImpEvent)
    FLASH_ErasePage                          0x0800095d   Thumb Code    72  stm32f10x_flash.o(i.FLASH_ErasePage)
    FLASH_GetBank1Status                     0x080009a9   Thumb Code    48  stm32f10x_flash.o(i.FLASH_GetBank1Status)
    FLASH_Lock                               0x080009dd   Thumb Code    14  stm32f10x_flash.o(i.FLASH_Lock)
    FLASH_ProgramHalfWord                    0x080009f1   Thumb Code    60  stm32f10x_flash.o(i.FLASH_ProgramHalfWord)
    FLASH_Unlock                             0x08000a31   Thumb Code    12  stm32f10x_flash.o(i.FLASH_Unlock)
    FLASH_WaitForLastOperation               0x08000a49   Thumb Code    38  stm32f10x_flash.o(i.FLASH_WaitForLastOperation)
    GPIO_Init                                0x08000a6f   Thumb Code   278  stm32f10x_gpio.o(i.GPIO_Init)
    GPIO_ReadInputDataBit                    0x08000b85   Thumb Code    18  stm32f10x_gpio.o(i.GPIO_ReadInputDataBit)
    GPIO_ResetBits                           0x08000b97   Thumb Code     4  stm32f10x_gpio.o(i.GPIO_ResetBits)
    GPIO_SetBits                             0x08000b9b   Thumb Code     4  stm32f10x_gpio.o(i.GPIO_SetBits)
    GPIO_WriteBit                            0x08000b9f   Thumb Code    10  stm32f10x_gpio.o(i.GPIO_WriteBit)
    GetChargeState                           0x08000ba9   Thumb Code    18  cns_event.o(i.GetChargeState)
    HardFault_Handler                        0x08000bc1   Thumb Code     6  stm32f10x_it.o(i.HardFault_Handler)
    INTX_DISABLE                             0x08000bc7   Thumb Code     4  sys.o(i.INTX_DISABLE)
    INTX_ENABLE                              0x08000bcb   Thumb Code     4  sys.o(i.INTX_ENABLE)
    Is_Leap_Year                             0x08000bcf   Thumb Code    58  rtc.o(i.Is_Leap_Year)
    ItanCLEAR                                0x08000c09   Thumb Code    22  cns_event.o(i.ItanCLEAR)
    ItanCONVERT                              0x08000c1f   Thumb Code    24  cns_event.o(i.ItanCONVERT)
    ItanInit                                 0x08000c37   Thumb Code   266  cns_event.o(i.ItanInit)
    ItanSTIMULATE                            0x08000d41   Thumb Code    26  cns_event.o(i.ItanSTIMULATE)
    ItanSend                                 0x08000d5d   Thumb Code    48  cns_event.o(i.ItanSend)
    ItanTriWRITE                             0x08000d91   Thumb Code    38  cns_event.o(i.ItanTriWRITE)
    ItanWRITE                                0x08000db7   Thumb Code    38  cns_event.o(i.ItanWRITE)
    MemManage_Handler                        0x08000ddd   Thumb Code     4  stm32f10x_it.o(i.MemManage_Handler)
    NMI_Handler                              0x08000de1   Thumb Code     2  stm32f10x_it.o(i.NMI_Handler)
    NVIC_Init                                0x08000de5   Thumb Code   100  misc.o(i.NVIC_Init)
    NextWriteAddr                            0x08000e55   Thumb Code    66  stmflash.o(i.NextWriteAddr)
    PWR_BackupAccessCmd                      0x08000e9d   Thumb Code     6  stm32f10x_pwr.o(i.PWR_BackupAccessCmd)
    PostTaskToDataChk                        0x08000ea9   Thumb Code    16  usart.o(i.PostTaskToDataChk)
    RCC_APB1PeriphClockCmd                   0x08000ebd   Thumb Code    26  stm32f10x_rcc.o(i.RCC_APB1PeriphClockCmd)
    RCC_APB2PeriphClockCmd                   0x08000edd   Thumb Code    26  stm32f10x_rcc.o(i.RCC_APB2PeriphClockCmd)
    RCC_BackupResetCmd                       0x08000efd   Thumb Code     6  stm32f10x_rcc.o(i.RCC_BackupResetCmd)
    RCC_GetClocksFreq                        0x08000f09   Thumb Code   192  stm32f10x_rcc.o(i.RCC_GetClocksFreq)
    RCC_GetFlagStatus                        0x08000fdd   Thumb Code    56  stm32f10x_rcc.o(i.RCC_GetFlagStatus)
    RCC_LSICmd                               0x08001019   Thumb Code     6  stm32f10x_rcc.o(i.RCC_LSICmd)
    RCC_RTCCLKCmd                            0x08001025   Thumb Code     6  stm32f10x_rcc.o(i.RCC_RTCCLKCmd)
    RCC_RTCCLKConfig                         0x08001031   Thumb Code    12  stm32f10x_rcc.o(i.RCC_RTCCLKConfig)
    RTC_EnterConfigMode                      0x08001041   Thumb Code    14  stm32f10x_rtc.o(i.RTC_EnterConfigMode)
    RTC_ExitConfigMode                       0x08001055   Thumb Code    16  stm32f10x_rtc.o(i.RTC_ExitConfigMode)
    RTC_GetCounter                           0x08001069   Thumb Code    16  stm32f10x_rtc.o(i.RTC_GetCounter)
    RTC_Init                                 0x0800107d   Thumb Code   108  rtc.o(i.RTC_Init)
    RTC_Set                                  0x080010e9   Thumb Code   184  rtc.o(i.RTC_Set)
    RTC_SetCounter                           0x080011b1   Thumb Code    24  stm32f10x_rtc.o(i.RTC_SetCounter)
    RTC_SetPrescaler                         0x080011cd   Thumb Code    26  stm32f10x_rtc.o(i.RTC_SetPrescaler)
    RTC_WaitForLastTask                      0x080011ed   Thumb Code    16  stm32f10x_rtc.o(i.RTC_WaitForLastTask)
    RTC_WaitForSynchro                       0x08001201   Thumb Code    30  stm32f10x_rtc.o(i.RTC_WaitForSynchro)
    ReadFlashEvent                           0x08001225   Thumb Code    10  cns_action.o(i.ReadFlashEvent)
    ReplyConfirm                             0x08001231   Thumb Code   212  cns_event.o(i.ReplyConfirm)
    ReplyEEG                                 0x0800130d   Thumb Code   244  cns_event.o(i.ReplyEEG)
    ReplyFlashEEG                            0x08001419   Thumb Code   262  cns_event.o(i.ReplyFlashEEG)
    ReplyInf                                 0x08001535   Thumb Code   140  cns_event.o(i.ReplyInf)
    RestoreData                              0x080015c9   Thumb Code    54  cns_event.o(i.RestoreData)
    SPI1_Init                                0x08001601   Thumb Code   172  spi.o(i.SPI1_Init)
    SPI1_ReadWriteByte                       0x080016b9   Thumb Code    76  spi.o(i.SPI1_ReadWriteByte)
    SPI_Cmd                                  0x08001709   Thumb Code    24  stm32f10x_spi.o(i.SPI_Cmd)
    SPI_I2S_GetFlagStatus                    0x08001721   Thumb Code    18  stm32f10x_spi.o(i.SPI_I2S_GetFlagStatus)
    SPI_I2S_ReceiveData                      0x08001733   Thumb Code     6  stm32f10x_spi.o(i.SPI_I2S_ReceiveData)
    SPI_I2S_SendData                         0x08001739   Thumb Code     4  stm32f10x_spi.o(i.SPI_I2S_SendData)
    SPI_Init                                 0x0800173d   Thumb Code    60  stm32f10x_spi.o(i.SPI_Init)
    STMFLASH_Read                            0x08001779   Thumb Code    34  stmflash.o(i.STMFLASH_Read)
    STMFLASH_ReadHalfWord                    0x0800179b   Thumb Code     6  stmflash.o(i.STMFLASH_ReadHalfWord)
    STMFLASH_ReadWord                        0x080017a1   Thumb Code     6  stmflash.o(i.STMFLASH_ReadWord)
    STMFLASH_Write                           0x080017a9   Thumb Code   322  stmflash.o(i.STMFLASH_Write)
    STMFLASH_WriteAddrPointer                0x080018f5   Thumb Code   186  stmflash.o(i.STMFLASH_WriteAddrPointer)
    STMFLASH_Write_NoCheck                   0x080019c9   Thumb Code    38  stmflash.o(i.STMFLASH_Write_NoCheck)
    SVC_Handler                              0x080019ef   Thumb Code     2  stm32f10x_it.o(i.SVC_Handler)
    StimulateEvent                           0x08001ad9   Thumb Code    10  cns_action.o(i.StimulateEvent)
    SysTick_Handler                          0x08001ae3   Thumb Code     2  stm32f10x_it.o(i.SysTick_Handler)
    SystemInit                               0x08001ae5   Thumb Code    78  system_stm32f10x.o(i.SystemInit)
    TIM3_IRQHandler                          0x08001b45   Thumb Code   270  timer.o(i.TIM3_IRQHandler)
    TIM3_Int_Init                            0x08001c75   Thumb Code    84  timer.o(i.TIM3_Int_Init)
    TIM3_Start                               0x08001ccd   Thumb Code    14  timer.o(i.TIM3_Start)
    TIM4_IRQHandler                          0x08001ce1   Thumb Code    30  timer.o(i.TIM4_IRQHandler)
    TIM4_Int_Init                            0x08001d05   Thumb Code    92  timer.o(i.TIM4_Int_Init)
    TIM_ClearITPendingBit                    0x08001d65   Thumb Code     6  stm32f10x_tim.o(i.TIM_ClearITPendingBit)
    TIM_Cmd                                  0x08001d6b   Thumb Code    24  stm32f10x_tim.o(i.TIM_Cmd)
    TIM_GetITStatus                          0x08001d83   Thumb Code    34  stm32f10x_tim.o(i.TIM_GetITStatus)
    TIM_ITConfig                             0x08001da5   Thumb Code    18  stm32f10x_tim.o(i.TIM_ITConfig)
    TIM_TimeBaseInit                         0x08001db9   Thumb Code   122  stm32f10x_tim.o(i.TIM_TimeBaseInit)
    USART1_IRQHandler                        0x08001e5d   Thumb Code   230  usart.o(i.USART1_IRQHandler)
    USART_Cmd                                0x08001f5d   Thumb Code    24  stm32f10x_usart.o(i.USART_Cmd)
    USART_GetFlagStatus                      0x08001f75   Thumb Code    26  stm32f10x_usart.o(i.USART_GetFlagStatus)
    USART_GetITStatus                        0x08001f8f   Thumb Code    84  stm32f10x_usart.o(i.USART_GetITStatus)
    USART_ITConfig                           0x08001fe3   Thumb Code    74  stm32f10x_usart.o(i.USART_ITConfig)
    USART_Init                               0x0800202d   Thumb Code   210  stm32f10x_usart.o(i.USART_Init)
    USART_ReceiveData                        0x08002105   Thumb Code    10  stm32f10x_usart.o(i.USART_ReceiveData)
    UsageFault_Handler                       0x0800210f   Thumb Code     4  stm32f10x_it.o(i.UsageFault_Handler)
    UsartSend                                0x08002115   Thumb Code    40  cns_event.o(i.UsartSend)
    WriteAddrPointerInit                     0x08002141   Thumb Code   166  cns_core.o(i.WriteAddrPointerInit)
    WriteFlashEvent                          0x08002201   Thumb Code    30  cns_action.o(i.WriteFlashEvent)
    main                                     0x0800221f   Thumb Code    12  main.o(i.main)
    uart_init                                0x0800222d   Thumb Code   152  usart.o(i.uart_init)
    table_week                               0x080022cc   Data          12  rtc.o(.constdata)
    mon_table                                0x080022d8   Data          12  rtc.o(.constdata)
    Region$$Table$$Base                      0x080022e4   Number         0  anon$$obj.o(Region$$Table)
    Region$$Table$$Limit                     0x08002304   Number         0  anon$$obj.o(Region$$Table)
    CnsEveTbl                                0x20000014   Data          40  cns_core.o(.data)
    Rec_State                                0x2000003c   Data           1  cns_core.o(.data)
    CMN_Length                               0x2000003e   Data           2  cns_core.o(.data)
    Rec_Data_Ctr                             0x20000040   Data           1  cns_core.o(.data)
    Stimulate_100us_Cnt                      0x20000041   Data           1  cns_core.o(.data)
    Stimulate_not_Cnt                        0x20000042   Data           1  cns_core.o(.data)
    Stimulate_100us_Ctr                      0x20000043   Data           1  cns_core.o(.data)
    Stimulate_not_Ctr                        0x20000044   Data           1  cns_core.o(.data)
    StimulateBurst                           0x20000048   Data           4  cns_core.o(.data)
    Stimulatethorugh                         0x2000004c   Data           4  cns_core.o(.data)
    Stimulate_state                          0x20000050   Data           1  cns_core.o(.data)
    Reply_length                             0x20000052   Data           2  cns_core.o(.data)
    WriteAddr_Head                           0x20000054   Data           4  cns_core.o(.data)
    WriteAddr_End                            0x20000058   Data           4  cns_core.o(.data)
    CurPointerLoc                            0x2000005c   Data           1  cns_core.o(.data)
    CMN_buf                                  0x20000060   Data           4  cns_core.o(.data)
    Reply_buf                                0x20000064   Data           4  cns_core.o(.data)
    CNSCmdTable                              0x20000068   Data           7  cns_core.o(.data)
    Stimulate_default                        0x20000070   Data          16  cns_core.o(.data)
    Stimulate_execute                        0x20000080   Data          16  cns_core.o(.data)
    Head_buf                                 0x20000090   Data           4  cns_core.o(.data)
    End_buf                                  0x20000094   Data           4  cns_core.o(.data)
    Mem_head                                 0x20000098   Data           4  cns_core.o(.data)
    Mem_tail                                 0x2000009c   Data           4  cns_core.o(.data)
    recnum                                   0x200000a0   Data           4  cns_action.o(.data)
    CurPoint                                 0x200000a4   Data           4  cns_event.o(.data)
    Line                                     0x200000a8   Data           4  cns_event.o(.data)
    GetSampleCtr                             0x200000ac   Data           4  cns_event.o(.data)
    CnsRdyTbl                                0x200004ae   Data          10  cns_core.o(.bss)
    STMFLASH_BUF                             0x200004b8   Data        2048  stmflash.o(.bss)
    __libspace_start                         0x20000cb8   Data          96  libspace.o(.bss)
    __temporary_stack_top$libspace           0x20000d18   Data           0  libspace.o(.bss)



==============================================================================

Memory Map of the image

  Image Entry point : 0x08000131

  Load Region LR_IROM1 (Base: 0x08000000, Size: 0x000023b4, Max: 0x00040000, ABSOLUTE)

    Execution Region ER_IROM1 (Base: 0x08000000, Size: 0x00002304, Max: 0x00040000, ABSOLUTE)

    Base Addr    Size         Type   Attr      Idx    E Section Name        Object

    0x08000000   0x00000130   Data   RO          227    RESET               startup_stm32f10x_hd.o
    0x08000130   0x00000008   Code   RO         2404  * !!!main             c_w.l(__main.o)
    0x08000138   0x00000034   Code   RO         2563    !!!scatter          c_w.l(__scatter.o)
    0x0800016c   0x0000001a   Code   RO         2565    !!handler_copy      c_w.l(__scatter_copy.o)
    0x08000186   0x00000002   PAD
    0x08000188   0x0000001c   Code   RO         2567    !!handler_zi        c_w.l(__scatter_zi.o)
    0x080001a4   0x00000002   Code   RO         2433    .ARM.Collect$$libinit$$00000000  c_w.l(libinit.o)
    0x080001a6   0x00000000   Code   RO         2440    .ARM.Collect$$libinit$$00000002  c_w.l(libinit2.o)
    0x080001a6   0x00000000   Code   RO         2442    .ARM.Collect$$libinit$$00000004  c_w.l(libinit2.o)
    0x080001a6   0x00000000   Code   RO         2445    .ARM.Collect$$libinit$$0000000A  c_w.l(libinit2.o)
    0x080001a6   0x00000000   Code   RO         2447    .ARM.Collect$$libinit$$0000000C  c_w.l(libinit2.o)
    0x080001a6   0x00000000   Code   RO         2449    .ARM.Collect$$libinit$$0000000E  c_w.l(libinit2.o)
    0x080001a6   0x00000000   Code   RO         2452    .ARM.Collect$$libinit$$00000011  c_w.l(libinit2.o)
    0x080001a6   0x00000000   Code   RO         2454    .ARM.Collect$$libinit$$00000013  c_w.l(libinit2.o)
    0x080001a6   0x00000000   Code   RO         2456    .ARM.Collect$$libinit$$00000015  c_w.l(libinit2.o)
    0x080001a6   0x00000000   Code   RO         2458    .ARM.Collect$$libinit$$00000017  c_w.l(libinit2.o)
    0x080001a6   0x00000000   Code   RO         2460    .ARM.Collect$$libinit$$00000019  c_w.l(libinit2.o)
    0x080001a6   0x00000000   Code   RO         2462    .ARM.Collect$$libinit$$0000001B  c_w.l(libinit2.o)
    0x080001a6   0x00000000   Code   RO         2464    .ARM.Collect$$libinit$$0000001D  c_w.l(libinit2.o)
    0x080001a6   0x00000000   Code   RO         2466    .ARM.Collect$$libinit$$0000001F  c_w.l(libinit2.o)
    0x080001a6   0x00000000   Code   RO         2468    .ARM.Collect$$libinit$$00000021  c_w.l(libinit2.o)
    0x080001a6   0x00000000   Code   RO         2470    .ARM.Collect$$libinit$$00000023  c_w.l(libinit2.o)
    0x080001a6   0x00000000   Code   RO         2472    .ARM.Collect$$libinit$$00000025  c_w.l(libinit2.o)
    0x080001a6   0x00000000   Code   RO         2476    .ARM.Collect$$libinit$$0000002C  c_w.l(libinit2.o)
    0x080001a6   0x00000000   Code   RO         2478    .ARM.Collect$$libinit$$0000002E  c_w.l(libinit2.o)
    0x080001a6   0x00000000   Code   RO         2480    .ARM.Collect$$libinit$$00000030  c_w.l(libinit2.o)
    0x080001a6   0x00000000   Code   RO         2482    .ARM.Collect$$libinit$$00000032  c_w.l(libinit2.o)
    0x080001a6   0x00000002   Code   RO         2483    .ARM.Collect$$libinit$$00000033  c_w.l(libinit2.o)
    0x080001a8   0x00000002   Code   RO         2503    .ARM.Collect$$libshutdown$$00000000  c_w.l(libshutdown.o)
    0x080001aa   0x00000000   Code   RO         2516    .ARM.Collect$$libshutdown$$00000002  c_w.l(libshutdown2.o)
    0x080001aa   0x00000000   Code   RO         2518    .ARM.Collect$$libshutdown$$00000004  c_w.l(libshutdown2.o)
    0x080001aa   0x00000000   Code   RO         2521    .ARM.Collect$$libshutdown$$00000007  c_w.l(libshutdown2.o)
    0x080001aa   0x00000000   Code   RO         2524    .ARM.Collect$$libshutdown$$0000000A  c_w.l(libshutdown2.o)
    0x080001aa   0x00000000   Code   RO         2526    .ARM.Collect$$libshutdown$$0000000C  c_w.l(libshutdown2.o)
    0x080001aa   0x00000000   Code   RO         2529    .ARM.Collect$$libshutdown$$0000000F  c_w.l(libshutdown2.o)
    0x080001aa   0x00000002   Code   RO         2530    .ARM.Collect$$libshutdown$$00000010  c_w.l(libshutdown2.o)
    0x080001ac   0x00000000   Code   RO         2406    .ARM.Collect$$rtentry$$00000000  c_w.l(__rtentry.o)
    0x080001ac   0x00000000   Code   RO         2410    .ARM.Collect$$rtentry$$00000002  c_w.l(__rtentry2.o)
    0x080001ac   0x00000006   Code   RO         2422    .ARM.Collect$$rtentry$$00000004  c_w.l(__rtentry4.o)
    0x080001b2   0x00000000   Code   RO         2412    .ARM.Collect$$rtentry$$00000009  c_w.l(__rtentry2.o)
    0x080001b2   0x00000004   Code   RO         2413    .ARM.Collect$$rtentry$$0000000A  c_w.l(__rtentry2.o)
    0x080001b6   0x00000000   Code   RO         2415    .ARM.Collect$$rtentry$$0000000C  c_w.l(__rtentry2.o)
    0x080001b6   0x00000008   Code   RO         2416    .ARM.Collect$$rtentry$$0000000D  c_w.l(__rtentry2.o)
    0x080001be   0x00000002   Code   RO         2437    .ARM.Collect$$rtexit$$00000000  c_w.l(rtexit.o)
    0x080001c0   0x00000000   Code   RO         2485    .ARM.Collect$$rtexit$$00000002  c_w.l(rtexit2.o)
    0x080001c0   0x00000004   Code   RO         2486    .ARM.Collect$$rtexit$$00000003  c_w.l(rtexit2.o)
    0x080001c4   0x00000006   Code   RO         2487    .ARM.Collect$$rtexit$$00000004  c_w.l(rtexit2.o)
    0x080001ca   0x00000002   PAD
    0x080001cc   0x00000040   Code   RO          228    .text               startup_stm32f10x_hd.o
    0x0800020c   0x0000008a   Code   RO         2400    .text               c_w.l(rt_memcpy_v6.o)
    0x08000296   0x00000006   Code   RO         2402    .text               c_w.l(heapauxi.o)
    0x0800029c   0x00000064   Code   RO         2407    .text               c_w.l(rt_memcpy_w.o)
    0x08000300   0x0000004a   Code   RO         2424    .text               c_w.l(sys_stackheap_outer.o)
    0x0800034a   0x00000012   Code   RO         2426    .text               c_w.l(exit.o)
    0x0800035c   0x00000008   Code   RO         2434    .text               c_w.l(libspace.o)
    0x08000364   0x0000000c   Code   RO         2495    .text               c_w.l(sys_exit.o)
    0x08000370   0x00000002   Code   RO         2506    .text               c_w.l(use_no_semi.o)
    0x08000372   0x00000000   Code   RO         2508    .text               c_w.l(indicate_semi.o)
    0x08000372   0x00000010   Code   RO         1746    i.BKP_DeInit        stm32f10x_bkp.o
    0x08000382   0x00000004   Code   RO           22    i.BusFault_Handler  stm32f10x_it.o
    0x08000386   0x00000002   PAD
    0x08000388   0x00000100   Code   RO         1983    i.CNS_DataErrCheck  cns_event.o
    0x08000488   0x00000002   Code   RO         1984    i.CNS_EleAndImpSend  cns_event.o
    0x0800048a   0x00000002   PAD
    0x0800048c   0x000000a0   Code   RO         1985    i.CNS_ErrCheck      cns_event.o
    0x0800052c   0x00000050   Code   RO         1882    i.CNS_EventHandle   cns_core.o
    0x0800057c   0x00000010   Code   RO         1883    i.CNS_EventPost     cns_core.o
    0x0800058c   0x00000006   Code   RO         1884    i.CNS_EventRegist   cns_core.o
    0x08000592   0x00000002   PAD
    0x08000594   0x0000007c   Code   RO         1986    i.CNS_GetSample     cns_event.o
    0x08000610   0x00000002   Code   RO         1988    i.CNS_ReadFlash     cns_event.o
    0x08000612   0x00000002   PAD
    0x08000614   0x00000098   Code   RO         1989    i.CNS_Stimulate     cns_event.o
    0x080006ac   0x00000098   Code   RO         1990    i.CNS_WriteFlash    cns_event.o
    0x08000744   0x00000094   Code   RO         1885    i.CNS_init          cns_core.o
    0x080007d8   0x00000040   Code   RO         1929    i.ChargeEvent       cns_action.o
    0x08000818   0x00000038   Code   RO         1991    i.Charge_Init       cns_event.o
    0x08000850   0x00000014   Code   RO         1992    i.Charge_start      cns_event.o
    0x08000864   0x00000014   Code   RO         1993    i.Charge_stop       cns_event.o
    0x08000878   0x0000002a   Code   RO         2332    i.CheckFlashData    stmflash.o
    0x080008a2   0x00000002   PAD
    0x080008a4   0x000000ac   Code   RO         1930    i.DataCheckEvent    cns_action.o
    0x08000950   0x00000002   Code   RO           23    i.DebugMon_Handler  stm32f10x_it.o
    0x08000952   0x0000000a   Code   RO         1931    i.EleAndImpEvent    cns_action.o
    0x0800095c   0x0000004c   Code   RO         1575    i.FLASH_ErasePage   stm32f10x_flash.o
    0x080009a8   0x00000034   Code   RO         1576    i.FLASH_GetBank1Status  stm32f10x_flash.o
    0x080009dc   0x00000014   Code   RO         1585    i.FLASH_Lock        stm32f10x_flash.o
    0x080009f0   0x00000040   Code   RO         1588    i.FLASH_ProgramHalfWord  stm32f10x_flash.o
    0x08000a30   0x00000018   Code   RO         1593    i.FLASH_Unlock      stm32f10x_flash.o
    0x08000a48   0x00000026   Code   RO         1597    i.FLASH_WaitForLastOperation  stm32f10x_flash.o
    0x08000a6e   0x00000116   Code   RO         1462    i.GPIO_Init         stm32f10x_gpio.o
    0x08000b84   0x00000012   Code   RO         1466    i.GPIO_ReadInputDataBit  stm32f10x_gpio.o
    0x08000b96   0x00000004   Code   RO         1469    i.GPIO_ResetBits    stm32f10x_gpio.o
    0x08000b9a   0x00000004   Code   RO         1470    i.GPIO_SetBits      stm32f10x_gpio.o
    0x08000b9e   0x0000000a   Code   RO         1473    i.GPIO_WriteBit     stm32f10x_gpio.o
    0x08000ba8   0x00000018   Code   RO         1994    i.GetChargeState    cns_event.o
    0x08000bc0   0x00000006   Code   RO           24    i.HardFault_Handler  stm32f10x_it.o
    0x08000bc6   0x00000004   Code   RO          199    i.INTX_DISABLE      sys.o
    0x08000bca   0x00000004   Code   RO          200    i.INTX_ENABLE       sys.o
    0x08000bce   0x0000003a   Code   RO         2282    i.Is_Leap_Year      rtc.o
    0x08000c08   0x00000016   Code   RO         1995    i.ItanCLEAR         cns_event.o
    0x08000c1e   0x00000018   Code   RO         1996    i.ItanCONVERT       cns_event.o
    0x08000c36   0x0000010a   Code   RO         1997    i.ItanInit          cns_event.o
    0x08000d40   0x0000001a   Code   RO         1998    i.ItanSTIMULATE     cns_event.o
    0x08000d5a   0x00000002   PAD
    0x08000d5c   0x00000034   Code   RO         1999    i.ItanSend          cns_event.o
    0x08000d90   0x00000026   Code   RO         2000    i.ItanTriWRITE      cns_event.o
    0x08000db6   0x00000026   Code   RO         2001    i.ItanWRITE         cns_event.o
    0x08000ddc   0x00000004   Code   RO           25    i.MemManage_Handler  stm32f10x_it.o
    0x08000de0   0x00000002   Code   RO           26    i.NMI_Handler       stm32f10x_it.o
    0x08000de2   0x00000002   PAD
    0x08000de4   0x00000070   Code   RO          232    i.NVIC_Init         misc.o
    0x08000e54   0x00000048   Code   RO         2333    i.NextWriteAddr     stmflash.o
    0x08000e9c   0x0000000c   Code   RO         1822    i.PWR_BackupAccessCmd  stm32f10x_pwr.o
    0x08000ea8   0x00000014   Code   RO         2247    i.PostTaskToDataChk  usart.o
    0x08000ebc   0x00000020   Code   RO         1258    i.RCC_APB1PeriphClockCmd  stm32f10x_rcc.o
    0x08000edc   0x00000020   Code   RO         1260    i.RCC_APB2PeriphClockCmd  stm32f10x_rcc.o
    0x08000efc   0x0000000c   Code   RO         1263    i.RCC_BackupResetCmd  stm32f10x_rcc.o
    0x08000f08   0x000000d4   Code   RO         1268    i.RCC_GetClocksFreq  stm32f10x_rcc.o
    0x08000fdc   0x0000003c   Code   RO         1269    i.RCC_GetFlagStatus  stm32f10x_rcc.o
    0x08001018   0x0000000c   Code   RO         1277    i.RCC_LSICmd        stm32f10x_rcc.o
    0x08001024   0x0000000c   Code   RO         1283    i.RCC_RTCCLKCmd     stm32f10x_rcc.o
    0x08001030   0x00000010   Code   RO         1284    i.RCC_RTCCLKConfig  stm32f10x_rcc.o
    0x08001040   0x00000014   Code   RO         1168    i.RTC_EnterConfigMode  stm32f10x_rtc.o
    0x08001054   0x00000014   Code   RO         1169    i.RTC_ExitConfigMode  stm32f10x_rtc.o
    0x08001068   0x00000014   Code   RO         1170    i.RTC_GetCounter    stm32f10x_rtc.o
    0x0800107c   0x0000006c   Code   RO         2286    i.RTC_Init          rtc.o
    0x080010e8   0x000000c8   Code   RO         2287    i.RTC_Set           rtc.o
    0x080011b0   0x0000001c   Code   RO         1176    i.RTC_SetCounter    stm32f10x_rtc.o
    0x080011cc   0x00000020   Code   RO         1177    i.RTC_SetPrescaler  stm32f10x_rtc.o
    0x080011ec   0x00000014   Code   RO         1178    i.RTC_WaitForLastTask  stm32f10x_rtc.o
    0x08001200   0x00000024   Code   RO         1179    i.RTC_WaitForSynchro  stm32f10x_rtc.o
    0x08001224   0x0000000a   Code   RO         1932    i.ReadFlashEvent    cns_action.o
    0x0800122e   0x00000002   PAD
    0x08001230   0x000000dc   Code   RO         2002    i.ReplyConfirm      cns_event.o
    0x0800130c   0x0000010c   Code   RO         2003    i.ReplyEEG          cns_event.o
    0x08001418   0x0000011c   Code   RO         2004    i.ReplyFlashEEG     cns_event.o
    0x08001534   0x00000094   Code   RO         2005    i.ReplyInf          cns_event.o
    0x080015c8   0x00000036   Code   RO         2006    i.RestoreData       cns_event.o
    0x080015fe   0x00000002   PAD
    0x08001600   0x000000b8   Code   RO         2145    i.SPI1_Init         spi.o
    0x080016b8   0x00000050   Code   RO         2146    i.SPI1_ReadWriteByte  spi.o
    0x08001708   0x00000018   Code   RO         1027    i.SPI_Cmd           stm32f10x_spi.o
    0x08001720   0x00000012   Code   RO         1035    i.SPI_I2S_GetFlagStatus  stm32f10x_spi.o
    0x08001732   0x00000006   Code   RO         1038    i.SPI_I2S_ReceiveData  stm32f10x_spi.o
    0x08001738   0x00000004   Code   RO         1039    i.SPI_I2S_SendData  stm32f10x_spi.o
    0x0800173c   0x0000003c   Code   RO         1040    i.SPI_Init          stm32f10x_spi.o
    0x08001778   0x00000022   Code   RO         2334    i.STMFLASH_Read     stmflash.o
    0x0800179a   0x00000006   Code   RO         2335    i.STMFLASH_ReadHalfWord  stmflash.o
    0x080017a0   0x00000006   Code   RO         2336    i.STMFLASH_ReadWord  stmflash.o
    0x080017a6   0x00000002   PAD
    0x080017a8   0x0000014c   Code   RO         2337    i.STMFLASH_Write    stmflash.o
    0x080018f4   0x000000d4   Code   RO         2338    i.STMFLASH_WriteAddrPointer  stmflash.o
    0x080019c8   0x00000026   Code   RO         2339    i.STMFLASH_Write_NoCheck  stmflash.o
    0x080019ee   0x00000002   Code   RO           27    i.SVC_Handler       stm32f10x_it.o
    0x080019f0   0x00000008   Code   RO          165    i.SetSysClock       system_stm32f10x.o
    0x080019f8   0x000000e0   Code   RO          166    i.SetSysClockTo72   system_stm32f10x.o
    0x08001ad8   0x0000000a   Code   RO         1934    i.StimulateEvent    cns_action.o
    0x08001ae2   0x00000002   Code   RO           28    i.SysTick_Handler   stm32f10x_it.o
    0x08001ae4   0x00000060   Code   RO          168    i.SystemInit        system_stm32f10x.o
    0x08001b44   0x00000130   Code   RO         2188    i.TIM3_IRQHandler   timer.o
    0x08001c74   0x00000058   Code   RO         2189    i.TIM3_Int_Init     timer.o
    0x08001ccc   0x00000014   Code   RO         2191    i.TIM3_Start        timer.o
    0x08001ce0   0x00000024   Code   RO         2193    i.TIM4_IRQHandler   timer.o
    0x08001d04   0x00000060   Code   RO         2194    i.TIM4_Int_Init     timer.o
    0x08001d64   0x00000006   Code   RO          485    i.TIM_ClearITPendingBit  stm32f10x_tim.o
    0x08001d6a   0x00000018   Code   RO          490    i.TIM_Cmd           stm32f10x_tim.o
    0x08001d82   0x00000022   Code   RO          511    i.TIM_GetITStatus   stm32f10x_tim.o
    0x08001da4   0x00000012   Code   RO          515    i.TIM_ITConfig      stm32f10x_tim.o
    0x08001db6   0x00000002   PAD
    0x08001db8   0x000000a4   Code   RO          561    i.TIM_TimeBaseInit  stm32f10x_tim.o
    0x08001e5c   0x00000100   Code   RO         2248    i.USART1_IRQHandler  usart.o
    0x08001f5c   0x00000018   Code   RO          298    i.USART_Cmd         stm32f10x_usart.o
    0x08001f74   0x0000001a   Code   RO          301    i.USART_GetFlagStatus  stm32f10x_usart.o
    0x08001f8e   0x00000054   Code   RO          302    i.USART_GetITStatus  stm32f10x_usart.o
    0x08001fe2   0x0000004a   Code   RO          304    i.USART_ITConfig    stm32f10x_usart.o
    0x0800202c   0x000000d8   Code   RO          305    i.USART_Init        stm32f10x_usart.o
    0x08002104   0x0000000a   Code   RO          312    i.USART_ReceiveData  stm32f10x_usart.o
    0x0800210e   0x00000004   Code   RO           29    i.UsageFault_Handler  stm32f10x_it.o
    0x08002112   0x00000002   PAD
    0x08002114   0x0000002c   Code   RO         2007    i.UsartSend         cns_event.o
    0x08002140   0x000000c0   Code   RO         1886    i.WriteAddrPointerInit  cns_core.o
    0x08002200   0x0000001e   Code   RO         1935    i.WriteFlashEvent   cns_action.o
    0x0800221e   0x0000000c   Code   RO            1    i.main              main.o
    0x0800222a   0x00000002   PAD
    0x0800222c   0x000000a0   Code   RO         2249    i.uart_init         usart.o
    0x080022cc   0x00000018   Data   RO         2289    .constdata          rtc.o
    0x080022e4   0x00000020   Data   RO         2561    Region$$Table       anon$$obj.o


    Execution Region RW_IRAM1 (Base: 0x20000000, Size: 0x00001318, Max: 0x0000c000, ABSOLUTE)

    Base Addr    Size         Type   Attr      Idx    E Section Name        Object

    0x20000000   0x00000014   Data   RW         1288    .data               stm32f10x_rcc.o
    0x20000014   0x0000008c   Data   RW         1888    .data               cns_core.o
    0x200000a0   0x00000004   Data   RW         1936    .data               cns_action.o
    0x200000a4   0x0000000c   Data   RW         2008    .data               cns_event.o
    0x200000b0   0x00000408   Zero   RW         1887    .bss                cns_core.o
    0x200004b8   0x00000800   Zero   RW         2341    .bss                stmflash.o
    0x20000cb8   0x00000060   Zero   RW         2435    .bss                c_w.l(libspace.o)
    0x20000d18   0x00000200   Zero   RW          226    HEAP                startup_stm32f10x_hd.o
    0x20000f18   0x00000400   Zero   RW          225    STACK               startup_stm32f10x_hd.o


==============================================================================

Image component sizes


      Code (inc. data)   RO Data    RW Data    ZI Data      Debug   Object Name

       296         32          0          4          0       2917   cns_action.o
       442         74          0        140       1032       6958   cns_core.o
      2452        192          0         12          0      13834   cns_event.o
         0          0          0          0          0         32   core_cm3.o
        12          0          0          0          0       5560   main.o
       112         12          0          0          0     205584   misc.o
       366         16         24          0          0       2680   rtc.o
       264         16          0          0          0       1141   spi.o
        64         26        304          0       1536        752   startup_stm32f10x_hd.o
        16          0          0          0          0        429   stm32f10x_bkp.o
       274         30          0          0          0       3102   stm32f10x_flash.o
       314          0          0          0          0       3916   stm32f10x_gpio.o
        26          0          0          0          0      62409   stm32f10x_it.o
        12          6          0          0          0        458   stm32f10x_pwr.o
       388         58          0         20          0       6587   stm32f10x_rcc.o
       176         34          0          0          0       3151   stm32f10x_rtc.o
       112          0          0          0          0       3510   stm32f10x_spi.o
       246         42          0          0          0       3226   stm32f10x_tim.o
       434          6          0          0          0       5248   stm32f10x_usart.o
       742         42          0          0       2048       5774   stmflash.o
         8          0          0          0          0        669   sys.o
       328         28          0          0          0       1585   system_stm32f10x.o
       544         54          0          0          0       2289   timer.o
       436         38          0          0          0       1624   usart.o

    ----------------------------------------------------------------------
      8090        706        360        176       4616     343435   Object Totals
         0          0         32          0          0          0   (incl. Generated)
        26          0          0          0          0          0   (incl. Padding)

    ----------------------------------------------------------------------

      Code (inc. data)   RO Data    RW Data    ZI Data      Debug   Library Member Name

         8          0          0          0          0         68   __main.o
         0          0          0          0          0          0   __rtentry.o
        12          0          0          0          0          0   __rtentry2.o
         6          0          0          0          0          0   __rtentry4.o
        52          8          0          0          0          0   __scatter.o
        26          0          0          0          0          0   __scatter_copy.o
        28          0          0          0          0          0   __scatter_zi.o
        18          0          0          0          0         80   exit.o
         6          0          0          0          0        152   heapauxi.o
         0          0          0          0          0          0   indicate_semi.o
         2          0          0          0          0          0   libinit.o
         2          0          0          0          0          0   libinit2.o
         2          0          0          0          0          0   libshutdown.o
         2          0          0          0          0          0   libshutdown2.o
         8          4          0          0         96         68   libspace.o
       138          0          0          0          0         68   rt_memcpy_v6.o
       100          0          0          0          0         80   rt_memcpy_w.o
         2          0          0          0          0          0   rtexit.o
        10          0          0          0          0          0   rtexit2.o
        12          4          0          0          0         68   sys_exit.o
        74          0          0          0          0         80   sys_stackheap_outer.o
         2          0          0          0          0         68   use_no_semi.o

    ----------------------------------------------------------------------
       514         16          0          0         96        732   Library Totals
         4          0          0          0          0          0   (incl. Padding)

    ----------------------------------------------------------------------

      Code (inc. data)   RO Data    RW Data    ZI Data      Debug   Library Name

       510         16          0          0         96        732   c_w.l

    ----------------------------------------------------------------------
       514         16          0          0         96        732   Library Totals

    ----------------------------------------------------------------------

==============================================================================


      Code (inc. data)   RO Data    RW Data    ZI Data      Debug   

      8604        722        360        176       4712     338183   Grand Totals
      8604        722        360        176       4712     338183   ELF Image Totals
      8604        722        360        176          0          0   ROM Totals

==============================================================================

    Total RO  Size (Code + RO Data)                 8964 (   8.75kB)
    Total RW  Size (RW Data + ZI Data)              4888 (   4.77kB)
    Total ROM Size (Code + RO Data + RW Data)       9140 (   8.93kB)

==============================================================================

